#
# There is insufficient memory for the Java Runtime Environment to continue.
# Native memory allocation (mmap) failed to map 48234496 bytes for G1 virtual space
# Possible reasons:
#   The system is out of physical RAM or swap space
#   The process is running with CompressedOops enabled, and the Java Heap may be blocking the growth of the native heap
# Possible solutions:
#   Reduce memory load on the system
#   Increase physical memory or swap space
#   Check if swap backing store is full
#   Decrease Java heap size (-Xmx/-Xms)
#   Decrease number of Java threads
#   Decrease Java thread stack sizes (-Xss)
#   Set larger code cache with -XX:ReservedCodeCacheSize=
#   JVM is running with Unscaled Compressed Oops mode in which the Java heap is
#     placed in the first 4GB address space. The Java Heap base address is the
#     maximum limit for the native heap growth. Please use -XX:HeapBaseMinAddress
#     to set the Java Heap base and to place the Java Heap above 4GB virtual address.
# This output file may be truncated or incomplete.
#
#  Out of Memory Error (os_windows.cpp:3530), pid=22764, tid=25684
#
# JRE version: Java(TM) SE Runtime Environment (18.0+36) (build 18+36-2087)
# Java VM: Java HotSpot(TM) 64-Bit Server VM (18+36-2087, mixed mode, sharing, tiered, compressed oops, compressed class ptrs, g1 gc, windows-amd64)
# No core dump will be written. Minidumps are not enabled by default on client versions of Windows
#

---------------  S U M M A R Y ------------

Command Line: -XX:MaxMetaspaceSize=512m --add-opens=java.base/java.util=ALL-UNNAMED --add-opens=java.base/java.lang=ALL-UNNAMED --add-opens=java.base/java.lang.invoke=ALL-UNNAMED --add-opens=java.prefs/java.util.prefs=ALL-UNNAMED --add-opens=java.base/java.nio.charset=ALL-UNNAMED --add-opens=java.base/java.net=ALL-UNNAMED --add-opens=java.base/java.util.concurrent.atomic=ALL-UNNAMED -Xmx2048m -Dfile.encoding=UTF-8 -Duser.country=KR -Duser.language=ko -Duser.variant -javaagent:C:\Users\dhdnt\.gradle\wrapper\dists\gradle-8.3-all\6en3ugtfdg5xnpx44z4qbwgas\gradle-8.3\lib\agents\gradle-instrumentation-agent-8.3.jar org.gradle.launcher.daemon.bootstrap.GradleDaemon 8.3

Host: Intel(R) Core(TM) i5-8265U CPU @ 1.60GHz, 8 cores, 7G,  Windows 11 , 64 bit Build 22621 (10.0.22621.3672)
Time: Wed Jul  3 17:27:01 2024  Windows 11 , 64 bit Build 22621 (10.0.22621.3672) elapsed time: 185.231216 seconds (0d 0h 3m 5s)

---------------  T H R E A D  ---------------

Current thread (0x0000011b59756d80):  VMThread "VM Thread" [stack: 0x000000055f600000,0x000000055f700000] [id=25684]

Stack: [0x000000055f600000,0x000000055f700000]
Native frames: (J=compiled Java code, j=interpreted, Vv=VM code, C=native code)
V  [jvm.dll+0x69804a]
V  [jvm.dll+0x7f308d]
V  [jvm.dll+0x7f499e]
V  [jvm.dll+0x7f5053]
V  [jvm.dll+0x25ca3f]
V  [jvm.dll+0x694f99]
V  [jvm.dll+0x689aca]
V  [jvm.dll+0x321efb]
V  [jvm.dll+0x3298d6]
V  [jvm.dll+0x37e47e]
V  [jvm.dll+0x37e6af]
V  [jvm.dll+0x2f9c7a]
V  [jvm.dll+0x2f9d27]
V  [jvm.dll+0x33e262]
V  [jvm.dll+0x33c804]
V  [jvm.dll+0x2f9450]
V  [jvm.dll+0x33bddb]
V  [jvm.dll+0x7f9e3b]
V  [jvm.dll+0x7fabd4]
V  [jvm.dll+0x7fb10c]
V  [jvm.dll+0x7fb564]
V  [jvm.dll+0x7fb627]
V  [jvm.dll+0x79fbba]
V  [jvm.dll+0x696ef5]
C  [ucrtbase.dll+0x29333]
C  [KERNEL32.DLL+0x1257d]
C  [ntdll.dll+0x5af28]

VM_Operation (0x0000000560df8810): G1CollectForAllocation, mode: safepoint, requested by thread 0x0000011b5d9ac4d0


---------------  P R O C E S S  ---------------

Threads class SMR info:
_java_thread_list=0x0000011b63a797a0, length=127, elements={
0x0000011b3b51caa0, 0x0000011b5975da60, 0x0000011b5975e5d0, 0x0000011b5977a1d0,
0x0000011b5977aa80, 0x0000011b5977b330, 0x0000011b5977bbe0, 0x0000011b5977fcc0,
0x0000011b597885c0, 0x0000011b59794ed0, 0x0000011b597fe9c0, 0x0000011b5da2eae0,
0x0000011b5e413020, 0x0000011b5e452fa0, 0x0000011b5e816c60, 0x0000011b5f129fa0,
0x0000011b5f12a460, 0x0000011b5d9ac010, 0x0000011b5d9ac4d0, 0x0000011b5e71f3c0,
0x0000011b5e71f890, 0x0000011b5e71d210, 0x0000011b5e71cd40, 0x0000011b5e71fd60,
0x0000011b5e71e550, 0x0000011b5e71ea20, 0x0000011b5e71e080, 0x0000011b5fa82ff0,
0x0000011b5fa834c0, 0x0000011b5fa81cb0, 0x0000011b5fa86010, 0x0000011b5fa80970,
0x0000011b5fa83990, 0x0000011b5fa83e60, 0x0000011b5fa804a0, 0x0000011b5fa87350,
0x0000011b5fa87820, 0x0000011b5fa82b20, 0x0000011b5fa7ffd0, 0x0000011b5e54aad0,
0x0000011b5e548df0, 0x0000011b5e5492c0, 0x0000011b5e54be10, 0x0000011b5e54b470,
0x0000011b5e54d150, 0x0000011b5e54d620, 0x0000011b5e54a130, 0x0000011b5e54c7b0,
0x0000011b5e54daf0, 0x0000011b5e54b940, 0x0000011b5e54cc80, 0x0000011b5e548450,
0x0000011b5e54e490, 0x0000011b5e549790, 0x0000011b6051dd00, 0x0000011b6051bb50,
0x0000011b6051feb0, 0x0000011b6051c020, 0x0000011b6051c4f0, 0x0000011b605216c0,
0x0000011b6051e1d0, 0x0000011b6051c9c0, 0x0000011b6051eb70, 0x0000011b6051f510,
0x0000011b6051ce90, 0x0000011b605211f0, 0x0000011b6051f9e0, 0x0000011b60520380,
0x0000011b60520850, 0x0000011b60520d20, 0x0000011b60521b90, 0x0000011b60522060,
0x0000011b607f2050, 0x0000011b607f3860, 0x0000011b607eeb60, 0x0000011b607ece80,
0x0000011b607ef500, 0x0000011b607ef030, 0x0000011b607f1b80, 0x0000011b607f11e0,
0x0000011b607f3d30, 0x0000011b607efea0, 0x0000011b607f4200, 0x0000011b607f2520,
0x0000011b607f29f0, 0x0000011b607f46d0, 0x0000011b607f3390, 0x0000011b607f2ec0,
0x0000011b607edcf0, 0x0000011b607ed350, 0x0000011b607f0d10, 0x0000011b607f16b0,
0x0000011b5e54ee30, 0x0000011b5e54afa0, 0x0000011b5e54c2e0, 0x0000011b5e54f300,
0x0000011b5e71dbb0, 0x0000011b688ad8a0, 0x0000011b688add70, 0x0000011b688a9a10,
0x0000011b688aebe0, 0x0000011b688ae240, 0x0000011b688a8ba0, 0x0000011b688afa50,
0x0000011b688aa880, 0x0000011b688af0b0, 0x0000011b688ae710, 0x0000011b688a9070,
0x0000011b688af580, 0x0000011b688ab220, 0x0000011b688a9540, 0x0000011b688abbc0,
0x0000011b688ac560, 0x0000011b688a9ee0, 0x0000011b688aca30, 0x0000011b6340cb50,
0x0000011b6340ed00, 0x0000011b634126c0, 0x0000011b6340de90, 0x0000011b6340d9c0,
0x0000011b63411d20, 0x0000011b6340e360, 0x0000011b6340ae70, 0x0000011b6340b340,
0x0000011b6340b810, 0x0000011b63410040, 0x0000011b5e3c4ed0
}

Java Threads: ( => current thread )
  0x0000011b3b51caa0 JavaThread "main" [_thread_blocked, id=11832, stack(0x000000055f000000,0x000000055f100000)]
  0x0000011b5975da60 JavaThread "Reference Handler" daemon [_thread_blocked, id=29240, stack(0x000000055f700000,0x000000055f800000)]
  0x0000011b5975e5d0 JavaThread "Finalizer" daemon [_thread_blocked, id=19812, stack(0x000000055f800000,0x000000055f900000)]
  0x0000011b5977a1d0 JavaThread "Signal Dispatcher" daemon [_thread_blocked, id=36880, stack(0x000000055f900000,0x000000055fa00000)]
  0x0000011b5977aa80 JavaThread "Attach Listener" daemon [_thread_blocked, id=40404, stack(0x000000055fa00000,0x000000055fb00000)]
  0x0000011b5977b330 JavaThread "Service Thread" daemon [_thread_blocked, id=58420, stack(0x000000055fb00000,0x000000055fc00000)]
  0x0000011b5977bbe0 JavaThread "Monitor Deflation Thread" daemon [_thread_blocked, id=34764, stack(0x000000055fc00000,0x000000055fd00000)]
  0x0000011b5977fcc0 JavaThread "C2 CompilerThread0" daemon [_thread_blocked, id=37864, stack(0x000000055fd00000,0x000000055fe00000)]
  0x0000011b597885c0 JavaThread "C1 CompilerThread0" daemon [_thread_blocked, id=17820, stack(0x000000055fe00000,0x000000055ff00000)]
  0x0000011b59794ed0 JavaThread "Sweeper thread" daemon [_thread_blocked, id=34012, stack(0x000000055ff00000,0x0000000560000000)]
  0x0000011b597fe9c0 JavaThread "Common-Cleaner" daemon [_thread_blocked, id=29900, stack(0x0000000560000000,0x0000000560100000)]
  0x0000011b5da2eae0 JavaThread "Notification Thread" daemon [_thread_blocked, id=64364, stack(0x0000000560100000,0x0000000560200000)]
  0x0000011b5e413020 JavaThread "Daemon health stats" [_thread_blocked, id=27556, stack(0x0000000560700000,0x0000000560800000)]
  0x0000011b5e452fa0 JavaThread "Incoming local TCP Connector on port 64143" [_thread_in_native, id=58332, stack(0x0000000560800000,0x0000000560900000)]
  0x0000011b5e816c60 JavaThread "Daemon periodic checks" [_thread_blocked, id=61672, stack(0x0000000560900000,0x0000000560a00000)]
  0x0000011b5f129fa0 JavaThread "Daemon" [_thread_blocked, id=43216, stack(0x0000000560a00000,0x0000000560b00000)]
  0x0000011b5f12a460 JavaThread "Handler for socket connection from /127.0.0.1:64143 to /127.0.0.1:64144" [_thread_in_native, id=35028, stack(0x0000000560b00000,0x0000000560c00000)]
  0x0000011b5d9ac010 JavaThread "Cancel handler" [_thread_blocked, id=63404, stack(0x0000000560c00000,0x0000000560d00000)]
  0x0000011b5d9ac4d0 JavaThread "Daemon worker" [_thread_blocked, id=59844, stack(0x0000000560d00000,0x0000000560e00000)]
  0x0000011b5e71f3c0 JavaThread "Asynchronous log dispatcher for DefaultDaemonConnection: socket connection from /127.0.0.1:64143 to /127.0.0.1:64144" [_thread_blocked, id=20884, stack(0x0000000560e00000,0x0000000560f00000)]
  0x0000011b5e71f890 JavaThread "Stdin handler" [_thread_blocked, id=51908, stack(0x0000000560f00000,0x0000000561000000)]
  0x0000011b5e71d210 JavaThread "Daemon client event forwarder" [_thread_blocked, id=62640, stack(0x0000000561000000,0x0000000561100000)]
  0x0000011b5e71cd40 JavaThread "Cache worker for journal cache (C:\Users\dhdnt\.gradle\caches\journal-1)" [_thread_blocked, id=36148, stack(0x0000000561100000,0x0000000561200000)]
  0x0000011b5e71fd60 JavaThread "File lock request listener" [_thread_in_native, id=46152, stack(0x0000000561200000,0x0000000561300000)]
  0x0000011b5e71e550 JavaThread "Cache worker for file hash cache (C:\Users\dhdnt\.gradle\caches\8.3\fileHashes)" [_thread_blocked, id=51216, stack(0x0000000561300000,0x0000000561400000)]
  0x0000011b5e71ea20 JavaThread "File watcher server" daemon [_thread_blocked, id=14604, stack(0x0000000561700000,0x0000000561800000)]
  0x0000011b5e71e080 JavaThread "File watcher consumer" daemon [_thread_blocked, id=49876, stack(0x0000000561800000,0x0000000561900000)]
  0x0000011b5fa82ff0 JavaThread "Cache worker for checksums cache (C:\Users\dhdnt\Desktop\RBF\BangFer-Front-End-2\android\.gradle\8.3\checksums)" [_thread_blocked, id=39388, stack(0x0000000561a00000,0x0000000561b00000)]
  0x0000011b5fa834c0 JavaThread "Cache worker for file hash cache (C:\Users\dhdnt\Desktop\RBF\BangFer-Front-End-2\android\.gradle\8.3\fileHashes)" [_thread_blocked, id=61976, stack(0x0000000561b00000,0x0000000561c00000)]
  0x0000011b5fa81cb0 JavaThread "Cache worker for cache directory md-supplier (C:\Users\dhdnt\.gradle\caches\8.3\md-supplier)" [_thread_blocked, id=41360, stack(0x0000000561c00000,0x0000000561d00000)]
  0x0000011b5fa86010 JavaThread "Cache worker for file content cache (C:\Users\dhdnt\.gradle\caches\8.3\fileContent)" [_thread_blocked, id=46024, stack(0x0000000561d00000,0x0000000561e00000)]
  0x0000011b5fa80970 JavaThread "Cache worker for cache directory md-rule (C:\Users\dhdnt\.gradle\caches\8.3\md-rule)" [_thread_blocked, id=2972, stack(0x0000000561e00000,0x0000000561f00000)]
  0x0000011b5fa83990 JavaThread "Cache worker for execution history cache (C:\Users\dhdnt\.gradle\caches\8.3\executionHistory)" [_thread_blocked, id=44888, stack(0x0000000561f00000,0x0000000562000000)]
  0x0000011b5fa83e60 JavaThread "jar transforms" [_thread_blocked, id=56608, stack(0x0000000562000000,0x0000000562100000)]
  0x0000011b5fa804a0 JavaThread "jar transforms Thread 2" [_thread_blocked, id=31972, stack(0x0000000562100000,0x0000000562200000)]
  0x0000011b5fa87350 JavaThread "jar transforms Thread 3" [_thread_blocked, id=64200, stack(0x0000000562200000,0x0000000562300000)]
  0x0000011b5fa87820 JavaThread "jar transforms Thread 4" [_thread_blocked, id=10928, stack(0x0000000562300000,0x0000000562400000)]
  0x0000011b5fa82b20 JavaThread "jar transforms Thread 5" [_thread_blocked, id=22228, stack(0x0000000562600000,0x0000000562700000)]
  0x0000011b5fa7ffd0 JavaThread "jar transforms Thread 6" [_thread_blocked, id=61156, stack(0x0000000562700000,0x0000000562800000)]
  0x0000011b5e54aad0 JavaThread "jar transforms Thread 7" [_thread_blocked, id=48720, stack(0x0000000562800000,0x0000000562900000)]
  0x0000011b5e548df0 JavaThread "jar transforms Thread 8" [_thread_blocked, id=61040, stack(0x0000000562900000,0x0000000562a00000)]
  0x0000011b5e5492c0 JavaThread "Cache worker for kotlin-dsl (C:\Users\dhdnt\.gradle\caches\8.3\kotlin-dsl)" [_thread_blocked, id=56592, stack(0x000000055ed00000,0x000000055ee00000)]
  0x0000011b5e54be10 JavaThread "Unconstrained build operations" [_thread_blocked, id=15324, stack(0x000000055ee00000,0x000000055ef00000)]
  0x0000011b5e54b470 JavaThread "Unconstrained build operations Thread 2" [_thread_blocked, id=34216, stack(0x000000055ef00000,0x000000055f000000)]
  0x0000011b5e54d150 JavaThread "Cache worker for dependencies-accessors (C:\Users\dhdnt\Desktop\RBF\BangFer-Front-End-2\android\.gradle\8.3\dependencies-accessors)" [_thread_blocked, id=46864, stack(0x0000000562a00000,0x0000000562b00000)]
  0x0000011b5e54d620 JavaThread "Cache worker for Build Output Cleanup Cache (C:\Users\dhdnt\Desktop\RBF\BangFer-Front-End-2\node_modules\@react-native\gradle-plugin\.gradle\buildOutputCleanup)" [_thread_blocked, id=63220, stack(0x0000000562b00000,0x0000000562c00000)]
  0x0000011b5e54a130 JavaThread "Unconstrained build operations Thread 3" [_thread_blocked, id=27260, stack(0x0000000562c00000,0x0000000562d00000)]
  0x0000011b5e54c7b0 JavaThread "Unconstrained build operations Thread 4" [_thread_blocked, id=34932, stack(0x0000000562d00000,0x0000000562e00000)]
  0x0000011b5e54daf0 JavaThread "Unconstrained build operations Thread 5" [_thread_blocked, id=13300, stack(0x0000000562e00000,0x0000000562f00000)]
  0x0000011b5e54b940 JavaThread "Unconstrained build operations Thread 6" [_thread_blocked, id=54756, stack(0x0000000562f00000,0x0000000563000000)]
  0x0000011b5e54cc80 JavaThread "Unconstrained build operations Thread 7" [_thread_blocked, id=15392, stack(0x0000000563000000,0x0000000563100000)]
  0x0000011b5e548450 JavaThread "Unconstrained build operations Thread 8" [_thread_blocked, id=29308, stack(0x0000000563100000,0x0000000563200000)]
  0x0000011b5e54e490 JavaThread "Unconstrained build operations Thread 9" [_thread_blocked, id=31424, stack(0x0000000563200000,0x0000000563300000)]
  0x0000011b5e549790 JavaThread "Memory manager" [_thread_blocked, id=64368, stack(0x0000000563300000,0x0000000563400000)]
  0x0000011b6051dd00 JavaThread "Cache worker for Build Output Cleanup Cache (C:\Users\dhdnt\Desktop\RBF\BangFer-Front-End-2\android\.gradle\buildOutputCleanup)" [_thread_blocked, id=63492, stack(0x0000000563400000,0x0000000563500000)]
  0x0000011b6051bb50 JavaThread "ForkJoinPool.commonPool-worker-1" daemon [_thread_blocked, id=17672, stack(0x0000000563500000,0x0000000563600000)]
  0x0000011b6051feb0 JavaThread "ForkJoinPool.commonPool-worker-2" daemon [_thread_blocked, id=12732, stack(0x0000000563600000,0x0000000563700000)]
  0x0000011b6051c020 JavaThread "ForkJoinPool.commonPool-worker-3" daemon [_thread_blocked, id=36844, stack(0x0000000563700000,0x0000000563800000)]
  0x0000011b6051c4f0 JavaThread "ForkJoinPool.commonPool-worker-4" daemon [_thread_blocked, id=63088, stack(0x0000000563800000,0x0000000563900000)]
  0x0000011b605216c0 JavaThread "ForkJoinPool.commonPool-worker-5" daemon [_thread_blocked, id=61288, stack(0x0000000563900000,0x0000000563a00000)]
  0x0000011b6051e1d0 JavaThread "ForkJoinPool.commonPool-worker-6" daemon [_thread_blocked, id=57240, stack(0x0000000563a00000,0x0000000563b00000)]
  0x0000011b6051c9c0 JavaThread "ForkJoinPool.commonPool-worker-7" daemon [_thread_blocked, id=64308, stack(0x0000000563b00000,0x0000000563c00000)]
  0x0000011b6051eb70 JavaThread "Exec process" daemon [_thread_blocked, id=63092, stack(0x0000000563c00000,0x0000000563d00000)]
  0x0000011b6051f510 JavaThread "Exec process Thread 2" daemon [_thread_blocked, id=4168, stack(0x0000000563d00000,0x0000000563e00000)]
  0x0000011b6051ce90 JavaThread "Exec process Thread 3" daemon [_thread_blocked, id=32420, stack(0x0000000563e00000,0x0000000563f00000)]
  0x0000011b605211f0 JavaThread "included builds" [_thread_blocked, id=32196, stack(0x0000000563f00000,0x0000000564000000)]
  0x0000011b6051f9e0 JavaThread "Execution worker" [_thread_blocked, id=53924, stack(0x0000000564000000,0x0000000564100000)]
  0x0000011b60520380 JavaThread "Execution worker Thread 2" [_thread_blocked, id=36072, stack(0x0000000564100000,0x0000000564200000)]
  0x0000011b60520850 JavaThread "Execution worker Thread 3" [_thread_blocked, id=47284, stack(0x0000000564200000,0x0000000564300000)]
  0x0000011b60520d20 JavaThread "Execution worker Thread 4" [_thread_blocked, id=25564, stack(0x0000000564300000,0x0000000564400000)]
  0x0000011b60521b90 JavaThread "Execution worker Thread 5" [_thread_blocked, id=34212, stack(0x0000000564400000,0x0000000564500000)]
  0x0000011b60522060 JavaThread "Execution worker Thread 6" [_thread_blocked, id=22624, stack(0x0000000564500000,0x0000000564600000)]
  0x0000011b607f2050 JavaThread "Execution worker Thread 7" [_thread_blocked, id=61272, stack(0x0000000564600000,0x0000000564700000)]
  0x0000011b607f3860 JavaThread "Cache worker for execution history cache (C:\Users\dhdnt\Desktop\RBF\BangFer-Front-End-2\node_modules\@react-native\gradle-plugin\.gradle\8.3\executionHistory)" [_thread_blocked, id=65300, stack(0x0000000564700000,0x0000000564800000)]
  0x0000011b607eeb60 JavaThread "Unconstrained build operations Thread 10" [_thread_blocked, id=52924, stack(0x0000000562400000,0x0000000562500000)]
  0x0000011b607ece80 JavaThread "Unconstrained build operations Thread 11" [_thread_blocked, id=32852, stack(0x0000000564800000,0x0000000564900000)]
  0x0000011b607ef500 JavaThread "Unconstrained build operations Thread 12" [_thread_blocked, id=57928, stack(0x0000000564900000,0x0000000564a00000)]
  0x0000011b607ef030 JavaThread "Unconstrained build operations Thread 13" [_thread_blocked, id=34648, stack(0x0000000564a00000,0x0000000564b00000)]
  0x0000011b607f1b80 JavaThread "Unconstrained build operations Thread 14" [_thread_blocked, id=27784, stack(0x0000000564b00000,0x0000000564c00000)]
  0x0000011b607f11e0 JavaThread "Unconstrained build operations Thread 15" [_thread_blocked, id=30844, stack(0x0000000564c00000,0x0000000564d00000)]
  0x0000011b607f3d30 JavaThread "Unconstrained build operations Thread 16" [_thread_blocked, id=37108, stack(0x0000000564d00000,0x0000000564e00000)]
  0x0000011b607efea0 JavaThread "Unconstrained build operations Thread 17" [_thread_blocked, id=12948, stack(0x0000000564e00000,0x0000000564f00000)]
  0x0000011b607f4200 JavaThread "Unconstrained build operations Thread 18" [_thread_blocked, id=31280, stack(0x0000000564f00000,0x0000000565000000)]
  0x0000011b607f2520 JavaThread "Unconstrained build operations Thread 19" [_thread_blocked, id=48172, stack(0x0000000565000000,0x0000000565100000)]
  0x0000011b607f29f0 JavaThread "Unconstrained build operations Thread 20" [_thread_blocked, id=36732, stack(0x0000000565100000,0x0000000565200000)]
  0x0000011b607f46d0 JavaThread "Unconstrained build operations Thread 21" [_thread_blocked, id=53068, stack(0x0000000565200000,0x0000000565300000)]
  0x0000011b607f3390 JavaThread "Unconstrained build operations Thread 22" [_thread_blocked, id=64572, stack(0x0000000565300000,0x0000000565400000)]
  0x0000011b607f2ec0 JavaThread "Unconstrained build operations Thread 23" [_thread_blocked, id=54424, stack(0x0000000565400000,0x0000000565500000)]
  0x0000011b607edcf0 JavaThread "Unconstrained build operations Thread 24" [_thread_blocked, id=22140, stack(0x0000000565500000,0x0000000565600000)]
  0x0000011b607ed350 JavaThread "Unconstrained build operations Thread 25" [_thread_blocked, id=41268, stack(0x0000000565600000,0x0000000565700000)]
  0x0000011b607f0d10 JavaThread "Unconstrained build operations Thread 26" [_thread_blocked, id=48328, stack(0x0000000565800000,0x0000000565900000)]
  0x0000011b607f16b0 JavaThread "Unconstrained build operations Thread 27" [_thread_blocked, id=52488, stack(0x0000000565900000,0x0000000565a00000)]
  0x0000011b5e54ee30 JavaThread "Unconstrained build operations Thread 28" [_thread_blocked, id=28496, stack(0x0000000565a00000,0x0000000565b00000)]
  0x0000011b5e54afa0 JavaThread "Unconstrained build operations Thread 29" [_thread_blocked, id=41136, stack(0x0000000565b00000,0x0000000565c00000)]
  0x0000011b5e54c2e0 JavaThread "Unconstrained build operations Thread 30" [_thread_blocked, id=27368, stack(0x0000000565c00000,0x0000000565d00000)]
  0x0000011b5e54f300 JavaThread "Unconstrained build operations Thread 31" [_thread_blocked, id=50828, stack(0x0000000565d00000,0x0000000565e00000)]
  0x0000011b5e71dbb0 JavaThread "Unconstrained build operations Thread 32" [_thread_blocked, id=57600, stack(0x0000000565e00000,0x0000000565f00000)]
  0x0000011b688ad8a0 JavaThread "Unconstrained build operations Thread 33" [_thread_blocked, id=46000, stack(0x0000000566000000,0x0000000566100000)]
  0x0000011b688add70 JavaThread "Unconstrained build operations Thread 34" [_thread_blocked, id=44432, stack(0x0000000566100000,0x0000000566200000)]
  0x0000011b688a9a10 JavaThread "Unconstrained build operations Thread 35" [_thread_blocked, id=42484, stack(0x0000000566200000,0x0000000566300000)]
  0x0000011b688aebe0 JavaThread "Unconstrained build operations Thread 36" [_thread_blocked, id=50860, stack(0x0000000566300000,0x0000000566400000)]
  0x0000011b688ae240 JavaThread "Unconstrained build operations Thread 37" [_thread_blocked, id=54648, stack(0x0000000566500000,0x0000000566600000)]
  0x0000011b688a8ba0 JavaThread "Unconstrained build operations Thread 38" [_thread_blocked, id=49388, stack(0x0000000566600000,0x0000000566700000)]
  0x0000011b688afa50 JavaThread "Unconstrained build operations Thread 39" [_thread_blocked, id=19400, stack(0x0000000566700000,0x0000000566800000)]
  0x0000011b688aa880 JavaThread "Unconstrained build operations Thread 40" [_thread_blocked, id=60720, stack(0x0000000566800000,0x0000000566900000)]
  0x0000011b688af0b0 JavaThread "Unconstrained build operations Thread 41" [_thread_blocked, id=25012, stack(0x0000000566400000,0x0000000566500000)]
  0x0000011b688ae710 JavaThread "Unconstrained build operations Thread 42" [_thread_blocked, id=61324, stack(0x0000000566900000,0x0000000566a00000)]
  0x0000011b688a9070 JavaThread "Unconstrained build operations Thread 43" [_thread_blocked, id=14276, stack(0x0000000566a00000,0x0000000566b00000)]
  0x0000011b688af580 JavaThread "Unconstrained build operations Thread 44" [_thread_blocked, id=34964, stack(0x0000000566b00000,0x0000000566c00000)]
  0x0000011b688ab220 JavaThread "Unconstrained build operations Thread 45" [_thread_blocked, id=60176, stack(0x0000000566c00000,0x0000000566d00000)]
  0x0000011b688a9540 JavaThread "Unconstrained build operations Thread 46" [_thread_blocked, id=38536, stack(0x0000000566d00000,0x0000000566e00000)]
  0x0000011b688abbc0 JavaThread "Unconstrained build operations Thread 47" [_thread_blocked, id=18504, stack(0x0000000566e00000,0x0000000566f00000)]
  0x0000011b688ac560 JavaThread "Unconstrained build operations Thread 48" [_thread_blocked, id=38960, stack(0x0000000566f00000,0x0000000567000000)]
  0x0000011b688a9ee0 JavaThread "Unconstrained build operations Thread 49" [_thread_blocked, id=66164, stack(0x0000000567000000,0x0000000567100000)]
  0x0000011b688aca30 JavaThread "Unconstrained build operations Thread 50" [_thread_blocked, id=41508, stack(0x0000000567100000,0x0000000567200000)]
  0x0000011b6340cb50 JavaThread "Unconstrained build operations Thread 51" [_thread_blocked, id=7256, stack(0x0000000567200000,0x0000000567300000)]
  0x0000011b6340ed00 JavaThread "Unconstrained build operations Thread 52" [_thread_blocked, id=8340, stack(0x0000000567300000,0x0000000567400000)]
  0x0000011b634126c0 JavaThread "Unconstrained build operations Thread 53" [_thread_blocked, id=57812, stack(0x0000000567400000,0x0000000567500000)]
  0x0000011b6340de90 JavaThread "Unconstrained build operations Thread 54" [_thread_blocked, id=55776, stack(0x0000000567500000,0x0000000567600000)]
  0x0000011b6340d9c0 JavaThread "Unconstrained build operations Thread 55" [_thread_blocked, id=56384, stack(0x0000000567600000,0x0000000567700000)]
  0x0000011b63411d20 JavaThread "Unconstrained build operations Thread 56" [_thread_blocked, id=6744, stack(0x0000000567700000,0x0000000567800000)]
  0x0000011b6340e360 JavaThread "Unconstrained build operations Thread 57" [_thread_blocked, id=54112, stack(0x0000000567800000,0x0000000567900000)]
  0x0000011b6340ae70 JavaThread "Unconstrained build operations Thread 58" [_thread_blocked, id=38804, stack(0x0000000567900000,0x0000000567a00000)]
  0x0000011b6340b340 JavaThread "Unconstrained build operations Thread 59" [_thread_blocked, id=53268, stack(0x0000000567a00000,0x0000000567b00000)]
  0x0000011b6340b810 JavaThread "Unconstrained build operations Thread 60" [_thread_blocked, id=52268, stack(0x0000000567b00000,0x0000000567c00000)]
  0x0000011b63410040 JavaThread "Unconstrained build operations Thread 61" [_thread_blocked, id=64724, stack(0x0000000567c00000,0x0000000567d00000)]
  0x0000011b5e3c4ed0 JavaThread "C2 CompilerThread1" daemon [_thread_blocked, id=36944, stack(0x0000000567d00000,0x0000000567e00000)]

Other Threads:
=>0x0000011b59756d80 VMThread "VM Thread" [stack: 0x000000055f600000,0x000000055f700000] [id=25684]
  0x0000011b3b51d860 WatcherThread "VM Periodic Task Thread" [stack: 0x0000000560200000,0x0000000560300000] [id=52044]
  0x0000011b3b57c810 WorkerThread "GC Thread#0" [stack: 0x000000055f100000,0x000000055f200000] [id=38680]
  0x0000011b5e225d90 WorkerThread "GC Thread#1" [stack: 0x0000000560300000,0x0000000560400000] [id=41924]
  0x0000011b5e220030 WorkerThread "GC Thread#2" [stack: 0x0000000560400000,0x0000000560500000] [id=35384]
  0x0000011b5e263db0 WorkerThread "GC Thread#3" [stack: 0x0000000560500000,0x0000000560600000] [id=52096]
  0x0000011b5e264050 WorkerThread "GC Thread#4" [stack: 0x0000000560600000,0x0000000560700000] [id=57840]
  0x0000011b5ff6de70 WorkerThread "GC Thread#5" [stack: 0x0000000561400000,0x0000000561500000] [id=66400]
  0x0000011b5eab7630 WorkerThread "GC Thread#6" [stack: 0x0000000561500000,0x0000000561600000] [id=7676]
  0x0000011b5f19a040 WorkerThread "GC Thread#7" [stack: 0x0000000561600000,0x0000000561700000] [id=3100]
  0x0000011b3b58e660 ConcurrentGCThread "G1 Main Marker" [stack: 0x000000055f200000,0x000000055f300000] [id=33708]
  0x0000011b3b58f700 WorkerThread "G1 Conc#0" [stack: 0x000000055f300000,0x000000055f400000] [id=37240]
  0x0000011b5ecab4b0 WorkerThread "G1 Conc#1" [stack: 0x0000000561900000,0x0000000561a00000] [id=30664]
  0x0000011b3b5ce8a0 ConcurrentGCThread "G1 Refine#0" [stack: 0x000000055f400000,0x000000055f500000] [id=59224]
  0x0000011b5e58aa20 ConcurrentGCThread "G1 Refine#1" [stack: 0x0000000565f00000,0x0000000566000000] [id=54248]
  0x0000011b59611260 ConcurrentGCThread "G1 Service" [stack: 0x000000055f500000,0x000000055f600000] [id=30128]

Threads with active compile tasks:
C2 CompilerThread0   185448 15912   !   4       org.gradle.api.internal.file.FileOrUriNotationConverter::convert (306 bytes)
C2 CompilerThread1   185448 16011       4       org.gradle.internal.component.model.DefaultAttributeMatcher::matches (169 bytes)

VM state: at safepoint (normal execution)

VM Mutex/Monitor currently owned by a thread:  ([mutex/lock_event])
[0x0000011b3b51a660] Threads_lock - owner thread: 0x0000011b59756d80
[0x0000011b3b519df0] Heap_lock - owner thread: 0x0000011b5d9ac4d0

Heap address: 0x0000000080000000, size: 2048 MB, Compressed Oops mode: 32-bit

CDS archive(s) mapped at: [0x0000000800000000-0x0000000800ba0000-0x0000000800ba0000), size 12189696, SharedBaseAddress: 0x0000000800000000, ArchiveRelocationMode: 0.
Compressed class space mapped at: 0x0000000800c00000-0x000000081a800000, reserved size: 432013312
Narrow klass base: 0x0000000800000000, Narrow klass shift: 0, Narrow klass range: 0x100000000

GC Precious Log:
 CardTable entry size: 512
 Card Set container configuration: InlinePtr #cards 5 size 8 Array Of Cards #cards 12 size 40 Howl #buckets 4 coarsen threshold 1843 Howl Bitmap #cards 512 size 80 coarsen threshold 460 Card regions per heap region 1 cards per card region 2048
 CPUs: 8 total, 8 available
 Memory: 8051M
 Large Page Support: Disabled
 NUMA Support: Disabled
 Compressed Oops: Enabled (32-bit)
 Heap Region Size: 1M
 Heap Min Capacity: 8M
 Heap Initial Capacity: 126M
 Heap Max Capacity: 2G
 Pre-touch: Disabled
 Parallel Workers: 8
 Concurrent Workers: 2
 Concurrent Refinement Workers: 8
 Periodic GC: Disabled

Heap:
 garbage-first heap   total 232448K, used 204731K [0x0000000080000000, 0x0000000100000000)
  region size 1024K, 2 young (2048K), 2 survivors (2048K)
 Metaspace       used 104895K, committed 107584K, reserved 552960K
  class space    used 14625K, committed 15936K, reserved 421888K

Heap Regions: E=young(eden), S=young(survivor), O=old, HS=humongous(starts), HC=humongous(continues), CS=collection set, F=free, OA=open archive, CA=closed archive, TAMS=top-at-mark-start (previous, next)
|   0|0x0000000080000000, 0x0000000080100000, 0x0000000080100000|100%|HS|  |TAMS 0x0000000080100000, 0x0000000080000000| Complete 
|   1|0x0000000080100000, 0x0000000080200000, 0x0000000080200000|100%|HC|  |TAMS 0x0000000080200000, 0x0000000080100000| Complete 
|   2|0x0000000080200000, 0x0000000080300000, 0x0000000080300000|100%|HC|  |TAMS 0x0000000080300000, 0x0000000080200000| Complete 
|   3|0x0000000080300000, 0x0000000080400000, 0x0000000080400000|100%|HC|  |TAMS 0x0000000080400000, 0x0000000080300000| Complete 
|   4|0x0000000080400000, 0x0000000080500000, 0x0000000080500000|100%| O|  |TAMS 0x0000000080500000, 0x0000000080400000| Untracked 
|   5|0x0000000080500000, 0x0000000080600000, 0x0000000080600000|100%| O|  |TAMS 0x0000000080600000, 0x0000000080500000| Untracked 
|   6|0x0000000080600000, 0x0000000080700000, 0x0000000080700000|100%| O|  |TAMS 0x0000000080700000, 0x0000000080600000| Untracked 
|   7|0x0000000080700000, 0x0000000080800000, 0x0000000080800000|100%| O|  |TAMS 0x0000000080800000, 0x0000000080700000| Untracked 
|   8|0x0000000080800000, 0x0000000080900000, 0x0000000080900000|100%| O|  |TAMS 0x0000000080900000, 0x0000000080800000| Untracked 
|   9|0x0000000080900000, 0x0000000080a00000, 0x0000000080a00000|100%| O|  |TAMS 0x0000000080a00000, 0x0000000080900000| Untracked 
|  10|0x0000000080a00000, 0x0000000080b00000, 0x0000000080b00000|100%| O|  |TAMS 0x0000000080b00000, 0x0000000080a00000| Untracked 
|  11|0x0000000080b00000, 0x0000000080c00000, 0x0000000080c00000|100%| O|  |TAMS 0x0000000080c00000, 0x0000000080b00000| Untracked 
|  12|0x0000000080c00000, 0x0000000080d00000, 0x0000000080d00000|100%| O|  |TAMS 0x0000000080d00000, 0x0000000080c00000| Untracked 
|  13|0x0000000080d00000, 0x0000000080e00000, 0x0000000080e00000|100%| O|  |TAMS 0x0000000080e00000, 0x0000000080d00000| Untracked 
|  14|0x0000000080e00000, 0x0000000080f00000, 0x0000000080f00000|100%| O|  |TAMS 0x0000000080f00000, 0x0000000080e00000| Untracked 
|  15|0x0000000080f00000, 0x0000000081000000, 0x0000000081000000|100%| O|  |TAMS 0x0000000081000000, 0x0000000080f00000| Untracked 
|  16|0x0000000081000000, 0x0000000081100000, 0x0000000081100000|100%| O|  |TAMS 0x0000000081100000, 0x0000000081000000| Untracked 
|  17|0x0000000081100000, 0x0000000081200000, 0x0000000081200000|100%| O|  |TAMS 0x0000000081200000, 0x0000000081100000| Untracked 
|  18|0x0000000081200000, 0x0000000081300000, 0x0000000081300000|100%| O|  |TAMS 0x0000000081300000, 0x0000000081200000| Untracked 
|  19|0x0000000081300000, 0x0000000081400000, 0x0000000081400000|100%| O|  |TAMS 0x0000000081300000, 0x0000000081300000| Untracked 
|  20|0x0000000081400000, 0x0000000081500000, 0x0000000081500000|100%| O|  |TAMS 0x0000000081500000, 0x0000000081400000| Untracked 
|  21|0x0000000081500000, 0x0000000081600000, 0x0000000081600000|100%| O|  |TAMS 0x0000000081600000, 0x0000000081500000| Untracked 
|  22|0x0000000081600000, 0x0000000081700000, 0x0000000081700000|100%| O|  |TAMS 0x0000000081700000, 0x0000000081600000| Untracked 
|  23|0x0000000081700000, 0x0000000081800000, 0x0000000081800000|100%| O|  |TAMS 0x0000000081800000, 0x0000000081700000| Untracked 
|  24|0x0000000081800000, 0x0000000081900000, 0x0000000081900000|100%| O|  |TAMS 0x0000000081900000, 0x0000000081800000| Untracked 
|  25|0x0000000081900000, 0x0000000081a00000, 0x0000000081a00000|100%| O|  |TAMS 0x0000000081a00000, 0x0000000081900000| Untracked 
|  26|0x0000000081a00000, 0x0000000081b00000, 0x0000000081b00000|100%| O|  |TAMS 0x0000000081b00000, 0x0000000081a00000| Untracked 
|  27|0x0000000081b00000, 0x0000000081c00000, 0x0000000081c00000|100%| O|  |TAMS 0x0000000081c00000, 0x0000000081b00000| Untracked 
|  28|0x0000000081c00000, 0x0000000081d00000, 0x0000000081d00000|100%| O|  |TAMS 0x0000000081d00000, 0x0000000081c00000| Untracked 
|  29|0x0000000081d00000, 0x0000000081e00000, 0x0000000081e00000|100%| O|  |TAMS 0x0000000081e00000, 0x0000000081d00000| Untracked 
|  30|0x0000000081e00000, 0x0000000081f00000, 0x0000000081f00000|100%| O|  |TAMS 0x0000000081f00000, 0x0000000081e00000| Untracked 
|  31|0x0000000081f00000, 0x0000000082000000, 0x0000000082000000|100%| O|  |TAMS 0x0000000082000000, 0x0000000081f00000| Untracked 
|  32|0x0000000082000000, 0x0000000082100000, 0x0000000082100000|100%| O|  |TAMS 0x0000000082100000, 0x0000000082000000| Untracked 
|  33|0x0000000082100000, 0x0000000082200000, 0x0000000082200000|100%| O|  |TAMS 0x0000000082200000, 0x0000000082100000| Untracked 
|  34|0x0000000082200000, 0x0000000082300000, 0x0000000082300000|100%| O|  |TAMS 0x0000000082300000, 0x0000000082200000| Untracked 
|  35|0x0000000082300000, 0x0000000082400000, 0x0000000082400000|100%| O|  |TAMS 0x0000000082400000, 0x0000000082300000| Untracked 
|  36|0x0000000082400000, 0x0000000082500000, 0x0000000082500000|100%| O|  |TAMS 0x0000000082500000, 0x0000000082400000| Untracked 
|  37|0x0000000082500000, 0x0000000082600000, 0x0000000082600000|100%| O|  |TAMS 0x0000000082600000, 0x0000000082500000| Untracked 
|  38|0x0000000082600000, 0x0000000082700000, 0x0000000082700000|100%| O|  |TAMS 0x0000000082700000, 0x0000000082600000| Untracked 
|  39|0x0000000082700000, 0x0000000082800000, 0x0000000082800000|100%| O|  |TAMS 0x0000000082800000, 0x0000000082700000| Untracked 
|  40|0x0000000082800000, 0x0000000082900000, 0x0000000082900000|100%|HS|  |TAMS 0x0000000082900000, 0x0000000082800000| Complete 
|  41|0x0000000082900000, 0x0000000082a00000, 0x0000000082a00000|100%|HC|  |TAMS 0x0000000082a00000, 0x0000000082900000| Complete 
|  42|0x0000000082a00000, 0x0000000082b00000, 0x0000000082b00000|100%|HS|  |TAMS 0x0000000082b00000, 0x0000000082a00000| Complete 
|  43|0x0000000082b00000, 0x0000000082c00000, 0x0000000082c00000|100%|HC|  |TAMS 0x0000000082c00000, 0x0000000082b00000| Complete 
|  44|0x0000000082c00000, 0x0000000082d00000, 0x0000000082d00000|100%| O|  |TAMS 0x0000000082d00000, 0x0000000082c00000| Untracked 
|  45|0x0000000082d00000, 0x0000000082e00000, 0x0000000082e00000|100%| O|  |TAMS 0x0000000082e00000, 0x0000000082d00000| Untracked 
|  46|0x0000000082e00000, 0x0000000082f00000, 0x0000000082f00000|100%|HS|  |TAMS 0x0000000082f00000, 0x0000000082e00000| Complete 
|  47|0x0000000082f00000, 0x0000000083000000, 0x0000000083000000|100%|HC|  |TAMS 0x0000000083000000, 0x0000000082f00000| Complete 
|  48|0x0000000083000000, 0x0000000083100000, 0x0000000083100000|100%|HC|  |TAMS 0x0000000083100000, 0x0000000083000000| Complete 
|  49|0x0000000083100000, 0x0000000083200000, 0x0000000083200000|100%|HC|  |TAMS 0x0000000083200000, 0x0000000083100000| Complete 
|  50|0x0000000083200000, 0x0000000083300000, 0x0000000083300000|100%| O|  |TAMS 0x0000000083300000, 0x0000000083200000| Untracked 
|  51|0x0000000083300000, 0x0000000083400000, 0x0000000083400000|100%| O|  |TAMS 0x0000000083400000, 0x0000000083300000| Untracked 
|  52|0x0000000083400000, 0x0000000083500000, 0x0000000083500000|100%| O|  |TAMS 0x0000000083500000, 0x0000000083400000| Untracked 
|  53|0x0000000083500000, 0x0000000083600000, 0x0000000083600000|100%| O|  |TAMS 0x0000000083600000, 0x0000000083500000| Untracked 
|  54|0x0000000083600000, 0x0000000083700000, 0x0000000083700000|100%| O|  |TAMS 0x0000000083700000, 0x0000000083600000| Untracked 
|  55|0x0000000083700000, 0x0000000083800000, 0x0000000083800000|100%|HS|  |TAMS 0x0000000083800000, 0x0000000083700000| Complete 
|  56|0x0000000083800000, 0x0000000083900000, 0x0000000083900000|100%|HC|  |TAMS 0x0000000083900000, 0x0000000083800000| Complete 
|  57|0x0000000083900000, 0x0000000083a00000, 0x0000000083a00000|100%|HC|  |TAMS 0x0000000083a00000, 0x0000000083900000| Complete 
|  58|0x0000000083a00000, 0x0000000083b00000, 0x0000000083b00000|100%|HC|  |TAMS 0x0000000083b00000, 0x0000000083a00000| Complete 
|  59|0x0000000083b00000, 0x0000000083c00000, 0x0000000083c00000|100%| O|  |TAMS 0x0000000083c00000, 0x0000000083b00000| Untracked 
|  60|0x0000000083c00000, 0x0000000083d00000, 0x0000000083d00000|100%| O|  |TAMS 0x0000000083d00000, 0x0000000083c00000| Untracked 
|  61|0x0000000083d00000, 0x0000000083e00000, 0x0000000083e00000|100%| O|  |TAMS 0x0000000083e00000, 0x0000000083d00000| Untracked 
|  62|0x0000000083e00000, 0x0000000083f00000, 0x0000000083f00000|100%| O|  |TAMS 0x0000000083f00000, 0x0000000083e00000| Untracked 
|  63|0x0000000083f00000, 0x0000000084000000, 0x0000000084000000|100%| O|  |TAMS 0x0000000084000000, 0x0000000083f00000| Untracked 
|  64|0x0000000084000000, 0x0000000084100000, 0x0000000084100000|100%| O|  |TAMS 0x0000000084100000, 0x0000000084000000| Untracked 
|  65|0x0000000084100000, 0x0000000084200000, 0x0000000084200000|100%| O|  |TAMS 0x0000000084200000, 0x0000000084100000| Untracked 
|  66|0x0000000084200000, 0x0000000084300000, 0x0000000084300000|100%| O|  |TAMS 0x0000000084300000, 0x0000000084200000| Untracked 
|  67|0x0000000084300000, 0x0000000084400000, 0x0000000084400000|100%| O|  |TAMS 0x0000000084400000, 0x0000000084300000| Untracked 
|  68|0x0000000084400000, 0x0000000084500000, 0x0000000084500000|100%| O|  |TAMS 0x0000000084500000, 0x0000000084400000| Untracked 
|  69|0x0000000084500000, 0x0000000084600000, 0x0000000084600000|100%| O|  |TAMS 0x0000000084600000, 0x0000000084500000| Untracked 
|  70|0x0000000084600000, 0x0000000084700000, 0x0000000084700000|100%|HS|  |TAMS 0x0000000084700000, 0x0000000084600000| Complete 
|  71|0x0000000084700000, 0x0000000084800000, 0x0000000084800000|100%|HS|  |TAMS 0x0000000084800000, 0x0000000084700000| Complete 
|  72|0x0000000084800000, 0x0000000084900000, 0x0000000084900000|100%|HS|  |TAMS 0x0000000084900000, 0x0000000084800000| Complete 
|  73|0x0000000084900000, 0x0000000084a00000, 0x0000000084a00000|100%| O|  |TAMS 0x0000000084a00000, 0x0000000084900000| Untracked 
|  74|0x0000000084a00000, 0x0000000084b00000, 0x0000000084b00000|100%|HS|  |TAMS 0x0000000084b00000, 0x0000000084a00000| Complete 
|  75|0x0000000084b00000, 0x0000000084c00000, 0x0000000084c00000|100%| O|  |TAMS 0x0000000084c00000, 0x0000000084b00000| Untracked 
|  76|0x0000000084c00000, 0x0000000084d00000, 0x0000000084d00000|100%| O|  |TAMS 0x0000000084d00000, 0x0000000084c00000| Untracked 
|  77|0x0000000084d00000, 0x0000000084e00000, 0x0000000084e00000|100%| O|  |TAMS 0x0000000084e00000, 0x0000000084d00000| Untracked 
|  78|0x0000000084e00000, 0x0000000084f00000, 0x0000000084f00000|100%| O|  |TAMS 0x0000000084f00000, 0x0000000084e00000| Untracked 
|  79|0x0000000084f00000, 0x0000000085000000, 0x0000000085000000|100%| O|  |TAMS 0x0000000084f00000, 0x0000000084f00000| Untracked 
|  80|0x0000000085000000, 0x0000000085100000, 0x0000000085100000|100%| O|  |TAMS 0x0000000085100000, 0x0000000085000000| Untracked 
|  81|0x0000000085100000, 0x0000000085200000, 0x0000000085200000|100%| O|  |TAMS 0x0000000085200000, 0x0000000085100000| Untracked 
|  82|0x0000000085200000, 0x0000000085300000, 0x0000000085300000|100%| O|  |TAMS 0x0000000085300000, 0x0000000085200000| Untracked 
|  83|0x0000000085300000, 0x0000000085400000, 0x0000000085400000|100%| O|  |TAMS 0x000000008536a200, 0x0000000085300000| Untracked 
|  84|0x0000000085400000, 0x0000000085500000, 0x0000000085500000|100%| O|  |TAMS 0x0000000085400000, 0x0000000085400000| Untracked 
|  85|0x0000000085500000, 0x0000000085600000, 0x0000000085600000|100%| O|  |TAMS 0x0000000085500000, 0x0000000085500000| Untracked 
|  86|0x0000000085600000, 0x0000000085700000, 0x0000000085700000|100%| O|  |TAMS 0x0000000085600000, 0x0000000085600000| Untracked 
|  87|0x0000000085700000, 0x0000000085800000, 0x0000000085800000|100%| O|  |TAMS 0x0000000085700000, 0x0000000085700000| Untracked 
|  88|0x0000000085800000, 0x0000000085900000, 0x0000000085900000|100%| O|  |TAMS 0x0000000085800000, 0x0000000085800000| Untracked 
|  89|0x0000000085900000, 0x0000000085a00000, 0x0000000085a00000|100%| O|  |TAMS 0x0000000085900000, 0x0000000085900000| Untracked 
|  90|0x0000000085a00000, 0x0000000085b00000, 0x0000000085b00000|100%| O|  |TAMS 0x0000000085a00000, 0x0000000085a00000| Untracked 
|  91|0x0000000085b00000, 0x0000000085c00000, 0x0000000085c00000|100%| O|  |TAMS 0x0000000085b00000, 0x0000000085b00000| Untracked 
|  92|0x0000000085c00000, 0x0000000085d00000, 0x0000000085d00000|100%| O|  |TAMS 0x0000000085c00000, 0x0000000085c00000| Untracked 
|  93|0x0000000085d00000, 0x0000000085e00000, 0x0000000085e00000|100%|HS|  |TAMS 0x0000000085d00000, 0x0000000085d00000| Complete 
|  94|0x0000000085e00000, 0x0000000085f00000, 0x0000000085f00000|100%|HC|  |TAMS 0x0000000085e00000, 0x0000000085e00000| Complete 
|  95|0x0000000085f00000, 0x0000000086000000, 0x0000000086000000|100%|HS|  |TAMS 0x0000000085f00000, 0x0000000085f00000| Complete 
|  96|0x0000000086000000, 0x0000000086100000, 0x0000000086100000|100%|HC|  |TAMS 0x0000000086000000, 0x0000000086000000| Complete 
|  97|0x0000000086100000, 0x0000000086200000, 0x0000000086200000|100%|HC|  |TAMS 0x0000000086100000, 0x0000000086100000| Complete 
|  98|0x0000000086200000, 0x0000000086300000, 0x0000000086300000|100%|HC|  |TAMS 0x0000000086200000, 0x0000000086200000| Complete 
|  99|0x0000000086300000, 0x0000000086400000, 0x0000000086400000|100%| O|  |TAMS 0x0000000086300000, 0x0000000086300000| Untracked 
| 100|0x0000000086400000, 0x0000000086500000, 0x0000000086500000|100%| O|  |TAMS 0x0000000086400000, 0x0000000086400000| Untracked 
| 101|0x0000000086500000, 0x0000000086600000, 0x0000000086600000|100%| O|  |TAMS 0x0000000086500000, 0x0000000086500000| Untracked 
| 102|0x0000000086600000, 0x0000000086700000, 0x0000000086700000|100%| O|  |TAMS 0x0000000086600000, 0x0000000086600000| Untracked 
| 103|0x0000000086700000, 0x0000000086800000, 0x0000000086800000|100%| O|  |TAMS 0x0000000086700000, 0x0000000086700000| Untracked 
| 104|0x0000000086800000, 0x0000000086900000, 0x0000000086900000|100%| O|  |TAMS 0x0000000086800000, 0x0000000086800000| Untracked 
| 105|0x0000000086900000, 0x0000000086a00000, 0x0000000086a00000|100%| O|  |TAMS 0x0000000086900000, 0x0000000086900000| Untracked 
| 106|0x0000000086a00000, 0x0000000086b00000, 0x0000000086b00000|100%| O|  |TAMS 0x0000000086a00000, 0x0000000086a00000| Untracked 
| 107|0x0000000086b00000, 0x0000000086c00000, 0x0000000086c00000|100%| O|  |TAMS 0x0000000086b00000, 0x0000000086b00000| Untracked 
| 108|0x0000000086c00000, 0x0000000086d00000, 0x0000000086d00000|100%| O|  |TAMS 0x0000000086c00000, 0x0000000086c00000| Untracked 
| 109|0x0000000086d00000, 0x0000000086e00000, 0x0000000086e00000|100%| O|  |TAMS 0x0000000086d00000, 0x0000000086d00000| Untracked 
| 110|0x0000000086e00000, 0x0000000086f00000, 0x0000000086f00000|100%| O|  |TAMS 0x0000000086e00000, 0x0000000086e00000| Untracked 
| 111|0x0000000086f00000, 0x0000000087000000, 0x0000000087000000|100%| O|  |TAMS 0x0000000086f00000, 0x0000000086f00000| Untracked 
| 112|0x0000000087000000, 0x0000000087100000, 0x0000000087100000|100%| O|  |TAMS 0x0000000087000000, 0x0000000087000000| Untracked 
| 113|0x0000000087100000, 0x0000000087200000, 0x0000000087200000|100%| O|  |TAMS 0x0000000087100000, 0x0000000087100000| Untracked 
| 114|0x0000000087200000, 0x0000000087300000, 0x0000000087300000|100%| O|  |TAMS 0x0000000087200000, 0x0000000087200000| Untracked 
| 115|0x0000000087300000, 0x0000000087400000, 0x0000000087400000|100%| O|  |TAMS 0x0000000087300000, 0x0000000087300000| Untracked 
| 116|0x0000000087400000, 0x0000000087500000, 0x0000000087500000|100%| O|  |TAMS 0x0000000087400000, 0x0000000087400000| Untracked 
| 117|0x0000000087500000, 0x0000000087600000, 0x0000000087600000|100%| O|  |TAMS 0x0000000087500000, 0x0000000087500000| Untracked 
| 118|0x0000000087600000, 0x0000000087700000, 0x0000000087700000|100%| O|  |TAMS 0x0000000087600000, 0x0000000087600000| Untracked 
| 119|0x0000000087700000, 0x0000000087800000, 0x0000000087800000|100%| O|  |TAMS 0x0000000087700000, 0x0000000087700000| Untracked 
| 120|0x0000000087800000, 0x0000000087900000, 0x0000000087900000|100%| O|  |TAMS 0x0000000087800000, 0x0000000087800000| Untracked 
| 121|0x0000000087900000, 0x0000000087a00000, 0x0000000087a00000|100%| O|  |TAMS 0x0000000087900000, 0x0000000087900000| Untracked 
| 122|0x0000000087a00000, 0x0000000087b00000, 0x0000000087b00000|100%| O|  |TAMS 0x0000000087a00000, 0x0000000087a00000| Untracked 
| 123|0x0000000087b00000, 0x0000000087c00000, 0x0000000087c00000|100%| O|  |TAMS 0x0000000087b00000, 0x0000000087b00000| Untracked 
| 124|0x0000000087c00000, 0x0000000087d00000, 0x0000000087d00000|100%| O|  |TAMS 0x0000000087c00000, 0x0000000087c00000| Untracked 
| 125|0x0000000087d00000, 0x0000000087e00000, 0x0000000087e00000|100%| O|  |TAMS 0x0000000087d00000, 0x0000000087d00000| Untracked 
| 126|0x0000000087e00000, 0x0000000087f00000, 0x0000000087f00000|100%| O|  |TAMS 0x0000000087e00000, 0x0000000087e00000| Untracked 
| 127|0x0000000087f00000, 0x0000000088000000, 0x0000000088000000|100%| O|  |TAMS 0x0000000087f00000, 0x0000000087f00000| Untracked 
| 128|0x0000000088000000, 0x0000000088100000, 0x0000000088100000|100%| O|  |TAMS 0x0000000088000000, 0x0000000088000000| Untracked 
| 129|0x0000000088100000, 0x0000000088200000, 0x0000000088200000|100%| O|  |TAMS 0x0000000088100000, 0x0000000088100000| Untracked 
| 130|0x0000000088200000, 0x0000000088300000, 0x0000000088300000|100%|HS|  |TAMS 0x0000000088200000, 0x0000000088200000| Complete 
| 131|0x0000000088300000, 0x0000000088400000, 0x0000000088400000|100%|HS|  |TAMS 0x0000000088300000, 0x0000000088300000| Complete 
| 132|0x0000000088400000, 0x0000000088500000, 0x0000000088500000|100%|HS|  |TAMS 0x0000000088400000, 0x0000000088400000| Complete 
| 133|0x0000000088500000, 0x0000000088600000, 0x0000000088600000|100%|HC|  |TAMS 0x0000000088500000, 0x0000000088500000| Complete 
| 134|0x0000000088600000, 0x0000000088700000, 0x0000000088700000|100%| O|  |TAMS 0x0000000088600000, 0x0000000088600000| Untracked 
| 135|0x0000000088700000, 0x0000000088800000, 0x0000000088800000|100%| O|  |TAMS 0x0000000088700000, 0x0000000088700000| Untracked 
| 136|0x0000000088800000, 0x0000000088900000, 0x0000000088900000|100%| O|  |TAMS 0x0000000088800000, 0x0000000088800000| Untracked 
| 137|0x0000000088900000, 0x0000000088a00000, 0x0000000088a00000|100%| O|  |TAMS 0x0000000088900000, 0x0000000088900000| Untracked 
| 138|0x0000000088a00000, 0x0000000088b00000, 0x0000000088b00000|100%| O|  |TAMS 0x0000000088a00000, 0x0000000088a00000| Untracked 
| 139|0x0000000088b00000, 0x0000000088c00000, 0x0000000088c00000|100%| O|  |TAMS 0x0000000088b00000, 0x0000000088b00000| Untracked 
| 140|0x0000000088c00000, 0x0000000088d00000, 0x0000000088d00000|100%| O|  |TAMS 0x0000000088c00000, 0x0000000088c00000| Untracked 
| 141|0x0000000088d00000, 0x0000000088e00000, 0x0000000088e00000|100%| O|  |TAMS 0x0000000088d00000, 0x0000000088d00000| Untracked 
| 142|0x0000000088e00000, 0x0000000088f00000, 0x0000000088f00000|100%| O|  |TAMS 0x0000000088e00000, 0x0000000088e00000| Untracked 
| 143|0x0000000088f00000, 0x0000000089000000, 0x0000000089000000|100%| O|  |TAMS 0x0000000088f00000, 0x0000000088f00000| Untracked 
| 144|0x0000000089000000, 0x0000000089100000, 0x0000000089100000|100%| O|  |TAMS 0x0000000089000000, 0x0000000089000000| Untracked 
| 145|0x0000000089100000, 0x0000000089200000, 0x0000000089200000|100%| O|  |TAMS 0x0000000089100000, 0x0000000089100000| Untracked 
| 146|0x0000000089200000, 0x0000000089300000, 0x0000000089300000|100%|HS|  |TAMS 0x0000000089200000, 0x0000000089200000| Complete 
| 147|0x0000000089300000, 0x0000000089400000, 0x0000000089400000|100%|HS|  |TAMS 0x0000000089300000, 0x0000000089300000| Complete 
| 148|0x0000000089400000, 0x0000000089500000, 0x0000000089500000|100%|HS|  |TAMS 0x0000000089400000, 0x0000000089400000| Complete 
| 149|0x0000000089500000, 0x0000000089600000, 0x0000000089600000|100%| O|  |TAMS 0x0000000089500000, 0x0000000089500000| Untracked 
| 150|0x0000000089600000, 0x0000000089700000, 0x0000000089700000|100%| O|  |TAMS 0x0000000089600000, 0x0000000089600000| Untracked 
| 151|0x0000000089700000, 0x0000000089800000, 0x0000000089800000|100%| O|  |TAMS 0x0000000089700000, 0x0000000089700000| Untracked 
| 152|0x0000000089800000, 0x0000000089900000, 0x0000000089900000|100%| O|  |TAMS 0x0000000089800000, 0x0000000089800000| Untracked 
| 153|0x0000000089900000, 0x0000000089a00000, 0x0000000089a00000|100%| O|  |TAMS 0x0000000089900000, 0x0000000089900000| Untracked 
| 154|0x0000000089a00000, 0x0000000089b00000, 0x0000000089b00000|100%| O|  |TAMS 0x0000000089a00000, 0x0000000089a00000| Untracked 
| 155|0x0000000089b00000, 0x0000000089c00000, 0x0000000089c00000|100%| O|  |TAMS 0x0000000089b00000, 0x0000000089b00000| Untracked 
| 156|0x0000000089c00000, 0x0000000089d00000, 0x0000000089d00000|100%| O|  |TAMS 0x0000000089c00000, 0x0000000089c00000| Untracked 
| 157|0x0000000089d00000, 0x0000000089e00000, 0x0000000089e00000|100%| O|  |TAMS 0x0000000089d00000, 0x0000000089d00000| Untracked 
| 158|0x0000000089e00000, 0x0000000089f00000, 0x0000000089f00000|100%| O|  |TAMS 0x0000000089e00000, 0x0000000089e00000| Untracked 
| 159|0x0000000089f00000, 0x000000008a000000, 0x000000008a000000|100%| O|  |TAMS 0x0000000089f00000, 0x0000000089f00000| Untracked 
| 160|0x000000008a000000, 0x000000008a100000, 0x000000008a100000|100%| O|  |TAMS 0x000000008a000000, 0x000000008a000000| Untracked 
| 161|0x000000008a100000, 0x000000008a200000, 0x000000008a200000|100%| O|  |TAMS 0x000000008a100000, 0x000000008a100000| Untracked 
| 162|0x000000008a200000, 0x000000008a300000, 0x000000008a300000|100%| O|  |TAMS 0x000000008a200000, 0x000000008a200000| Untracked 
| 163|0x000000008a300000, 0x000000008a400000, 0x000000008a400000|100%| O|  |TAMS 0x000000008a300000, 0x000000008a300000| Untracked 
| 164|0x000000008a400000, 0x000000008a500000, 0x000000008a500000|100%| O|  |TAMS 0x000000008a400000, 0x000000008a400000| Untracked 
| 165|0x000000008a500000, 0x000000008a600000, 0x000000008a600000|100%| O|  |TAMS 0x000000008a500000, 0x000000008a500000| Untracked 
| 166|0x000000008a600000, 0x000000008a700000, 0x000000008a700000|100%| O|  |TAMS 0x000000008a600000, 0x000000008a600000| Untracked 
| 167|0x000000008a700000, 0x000000008a800000, 0x000000008a800000|100%| O|  |TAMS 0x000000008a700000, 0x000000008a700000| Untracked 
| 168|0x000000008a800000, 0x000000008a900000, 0x000000008a900000|100%| O|  |TAMS 0x000000008a800000, 0x000000008a800000| Untracked 
| 169|0x000000008a900000, 0x000000008aa00000, 0x000000008aa00000|100%| O|  |TAMS 0x000000008a900000, 0x000000008a900000| Untracked 
| 170|0x000000008aa00000, 0x000000008ab00000, 0x000000008ab00000|100%| O|  |TAMS 0x000000008aa00000, 0x000000008aa00000| Untracked 
| 171|0x000000008ab00000, 0x000000008ac00000, 0x000000008ac00000|100%|HS|  |TAMS 0x000000008ab00000, 0x000000008ab00000| Complete 
| 172|0x000000008ac00000, 0x000000008ad00000, 0x000000008ad00000|100%|HS|  |TAMS 0x000000008ac00000, 0x000000008ac00000| Complete 
| 173|0x000000008ad00000, 0x000000008ae00000, 0x000000008ae00000|100%| O|  |TAMS 0x000000008ad00000, 0x000000008ad00000| Untracked 
| 174|0x000000008ae00000, 0x000000008af00000, 0x000000008af00000|100%| O|  |TAMS 0x000000008ae00000, 0x000000008ae00000| Untracked 
| 175|0x000000008af00000, 0x000000008b000000, 0x000000008b000000|100%| O|  |TAMS 0x000000008af00000, 0x000000008af00000| Untracked 
| 176|0x000000008b000000, 0x000000008b100000, 0x000000008b100000|100%| O|  |TAMS 0x000000008b000000, 0x000000008b000000| Untracked 
| 177|0x000000008b100000, 0x000000008b200000, 0x000000008b200000|100%| O|  |TAMS 0x000000008b100000, 0x000000008b100000| Untracked 
| 178|0x000000008b200000, 0x000000008b300000, 0x000000008b300000|100%| O|  |TAMS 0x000000008b200000, 0x000000008b200000| Untracked 
| 179|0x000000008b300000, 0x000000008b400000, 0x000000008b400000|100%| O|  |TAMS 0x000000008b300000, 0x000000008b300000| Untracked 
| 180|0x000000008b400000, 0x000000008b500000, 0x000000008b500000|100%| O|  |TAMS 0x000000008b400000, 0x000000008b400000| Untracked 
| 181|0x000000008b500000, 0x000000008b600000, 0x000000008b600000|100%| O|  |TAMS 0x000000008b500000, 0x000000008b500000| Untracked 
| 182|0x000000008b600000, 0x000000008b700000, 0x000000008b700000|100%| O|  |TAMS 0x000000008b600000, 0x000000008b600000| Untracked 
| 183|0x000000008b700000, 0x000000008b800000, 0x000000008b800000|100%| O|  |TAMS 0x000000008b700000, 0x000000008b700000| Untracked 
| 184|0x000000008b800000, 0x000000008b900000, 0x000000008b900000|100%| O|  |TAMS 0x000000008b800000, 0x000000008b800000| Untracked 
| 185|0x000000008b900000, 0x000000008ba00000, 0x000000008ba00000|100%| O|  |TAMS 0x000000008b900000, 0x000000008b900000| Untracked 
| 186|0x000000008ba00000, 0x000000008bb00000, 0x000000008bb00000|100%| O|  |TAMS 0x000000008ba00000, 0x000000008ba00000| Untracked 
| 187|0x000000008bb00000, 0x000000008bc00000, 0x000000008bc00000|100%| O|  |TAMS 0x000000008bb00000, 0x000000008bb00000| Untracked 
| 188|0x000000008bc00000, 0x000000008bd00000, 0x000000008bd00000|100%| O|  |TAMS 0x000000008bc00000, 0x000000008bc00000| Untracked 
| 189|0x000000008bd00000, 0x000000008be00000, 0x000000008be00000|100%| O|  |TAMS 0x000000008bd00000, 0x000000008bd00000| Untracked 
| 190|0x000000008be00000, 0x000000008bf00000, 0x000000008bf00000|100%| O|  |TAMS 0x000000008be00000, 0x000000008be00000| Untracked 
| 191|0x000000008bf00000, 0x000000008c000000, 0x000000008c000000|100%| O|  |TAMS 0x000000008bf00000, 0x000000008bf00000| Untracked 
| 192|0x000000008c000000, 0x000000008c100000, 0x000000008c100000|100%| O|  |TAMS 0x000000008c000000, 0x000000008c000000| Untracked 
| 193|0x000000008c100000, 0x000000008c200000, 0x000000008c200000|100%| O|  |TAMS 0x000000008c100000, 0x000000008c100000| Untracked 
| 194|0x000000008c200000, 0x000000008c300000, 0x000000008c300000|100%| O|  |TAMS 0x000000008c200000, 0x000000008c200000| Untracked 
| 195|0x000000008c300000, 0x000000008c400000, 0x000000008c400000|100%| O|  |TAMS 0x000000008c300000, 0x000000008c300000| Untracked 
| 196|0x000000008c400000, 0x000000008c500000, 0x000000008c500000|100%| O|  |TAMS 0x000000008c400000, 0x000000008c400000| Untracked 
| 197|0x000000008c500000, 0x000000008c600000, 0x000000008c600000|100%| O|  |TAMS 0x000000008c500000, 0x000000008c500000| Untracked 
| 198|0x000000008c600000, 0x000000008c63c600, 0x000000008c700000| 23%| O|  |TAMS 0x000000008c600000, 0x000000008c600000| Untracked 
| 199|0x000000008c700000, 0x000000008c700000, 0x000000008c800000|  0%| F|  |TAMS 0x000000008c700000, 0x000000008c700000| Untracked 
| 200|0x000000008c800000, 0x000000008c800000, 0x000000008c900000|  0%| F|  |TAMS 0x000000008c800000, 0x000000008c800000| Untracked 
| 201|0x000000008c900000, 0x000000008c900000, 0x000000008ca00000|  0%| F|  |TAMS 0x000000008c900000, 0x000000008c900000| Untracked 
| 202|0x000000008ca00000, 0x000000008ca00000, 0x000000008cb00000|  0%| F|  |TAMS 0x000000008ca00000, 0x000000008ca00000| Untracked 
| 203|0x000000008cb00000, 0x000000008cb00000, 0x000000008cc00000|  0%| F|  |TAMS 0x000000008cb00000, 0x000000008cb00000| Untracked 
| 204|0x000000008cc00000, 0x000000008cc00000, 0x000000008cd00000|  0%| F|  |TAMS 0x000000008cc00000, 0x000000008cc00000| Untracked 
| 205|0x000000008cd00000, 0x000000008cd00000, 0x000000008ce00000|  0%| F|  |TAMS 0x000000008cd00000, 0x000000008cd00000| Untracked 
| 206|0x000000008ce00000, 0x000000008ce00000, 0x000000008cf00000|  0%| F|  |TAMS 0x000000008ce00000, 0x000000008ce00000| Untracked 
| 207|0x000000008cf00000, 0x000000008cf00000, 0x000000008d000000|  0%| F|  |TAMS 0x000000008cf00000, 0x000000008cf00000| Untracked 
| 208|0x000000008d000000, 0x000000008d000000, 0x000000008d100000|  0%| F|  |TAMS 0x000000008d000000, 0x000000008d000000| Untracked 
| 209|0x000000008d100000, 0x000000008d100000, 0x000000008d200000|  0%| F|  |TAMS 0x000000008d100000, 0x000000008d100000| Untracked 
| 210|0x000000008d200000, 0x000000008d200000, 0x000000008d300000|  0%| F|  |TAMS 0x000000008d200000, 0x000000008d200000| Untracked 
| 211|0x000000008d300000, 0x000000008d300000, 0x000000008d400000|  0%| F|  |TAMS 0x000000008d300000, 0x000000008d300000| Untracked 
| 212|0x000000008d400000, 0x000000008d400000, 0x000000008d500000|  0%| F|  |TAMS 0x000000008d400000, 0x000000008d400000| Untracked 
| 213|0x000000008d500000, 0x000000008d500000, 0x000000008d600000|  0%| F|  |TAMS 0x000000008d500000, 0x000000008d500000| Untracked 
| 214|0x000000008d600000, 0x000000008d600000, 0x000000008d700000|  0%| F|  |TAMS 0x000000008d600000, 0x000000008d600000| Untracked 
| 215|0x000000008d700000, 0x000000008d7b28c0, 0x000000008d800000| 69%| S|CS|TAMS 0x000000008d700000, 0x000000008d700000| Complete 
| 216|0x000000008d800000, 0x000000008d800000, 0x000000008d900000|  0%| F|  |TAMS 0x000000008d800000, 0x000000008d800000| Untracked 
| 217|0x000000008d900000, 0x000000008da00000, 0x000000008da00000|100%| S|CS|TAMS 0x000000008d900000, 0x000000008d900000| Complete 
| 218|0x000000008da00000, 0x000000008da00000, 0x000000008db00000|  0%| F|  |TAMS 0x000000008da00000, 0x000000008da00000| Untracked 
| 219|0x000000008db00000, 0x000000008db00000, 0x000000008dc00000|  0%| F|  |TAMS 0x000000008db00000, 0x000000008db00000| Untracked 
| 220|0x000000008dc00000, 0x000000008dc00000, 0x000000008dd00000|  0%| F|  |TAMS 0x000000008dc00000, 0x000000008dc00000| Untracked 
| 221|0x000000008dd00000, 0x000000008dd00000, 0x000000008de00000|  0%| F|  |TAMS 0x000000008dd00000, 0x000000008dd00000| Untracked 
| 222|0x000000008de00000, 0x000000008de00000, 0x000000008df00000|  0%| F|  |TAMS 0x000000008de00000, 0x000000008de00000| Untracked 
| 223|0x000000008df00000, 0x000000008df00000, 0x000000008e000000|  0%| F|  |TAMS 0x000000008df00000, 0x000000008df00000| Untracked 
| 224|0x000000008e000000, 0x000000008e000000, 0x000000008e100000|  0%| F|  |TAMS 0x000000008e000000, 0x000000008e000000| Untracked 
| 225|0x000000008e100000, 0x000000008e100000, 0x000000008e200000|  0%| F|  |TAMS 0x000000008e100000, 0x000000008e100000| Untracked 
| 226|0x000000008e200000, 0x000000008e200000, 0x000000008e300000|  0%| F|  |TAMS 0x000000008e200000, 0x000000008e200000| Untracked 

Card table byte_map: [0x0000011b52570000,0x0000011b52970000] _byte_map_base: 0x0000011b52170000

Marking Bits (Prev, Next): (CMBitMap*) 0x0000011b3b57dd70, (CMBitMap*) 0x0000011b3b57dd30
 Prev Bits: [0x0000011b54d70000, 0x0000011b56d70000)
 Next Bits: [0x0000011b52d70000, 0x0000011b54d70000)

Polling page: 0x0000011b394b0000

Metaspace:

Usage:
  Non-class:     88.15 MB used.
      Class:     14.28 MB used.
       Both:    102.44 MB used.

Virtual space:
  Non-class space:      128.00 MB reserved,      89.50 MB ( 70%) committed,  2 nodes.
      Class space:      412.00 MB reserved,      15.56 MB (  4%) committed,  1 nodes.
             Both:      540.00 MB reserved,     105.06 MB ( 19%) committed. 

Chunk freelists:
   Non-Class:  1.97 MB
       Class:  262.00 KB
        Both:  2.23 MB

MaxMetaspaceSize: 512.00 MB
CompressedClassSpaceSize: 412.00 MB
Initial GC threshold: 21.00 MB
Current GC threshold: 120.31 MB
CDS: on
MetaspaceReclaimPolicy: balanced
 - commit_granule_bytes: 65536.
 - commit_granule_words: 8192.
 - virtual_space_node_default_size: 8388608.
 - enlarge_chunks_in_place: 1.
 - new_chunks_are_fully_committed: 0.
 - uncommit_free_chunks: 1.
 - use_allocation_guard: 0.


Internal statistics:

num_allocs_failed_limit: 6.
num_arena_births: 4338.
num_arena_deaths: 0.
num_vsnodes_births: 3.
num_vsnodes_deaths: 0.
num_space_committed: 1681.
num_space_uncommitted: 0.
num_chunks_returned_to_freelist: 6.
num_chunks_taken_from_freelist: 9418.
num_chunk_merges: 6.
num_chunk_splits: 6131.
num_chunks_enlarged: 3878.
num_inconsistent_stats: 0.

CodeHeap 'non-profiled nmethods': size=120000Kb used=7953Kb max_used=7953Kb free=112046Kb
 bounds [0x0000011b4a900000, 0x0000011b4b0d0000, 0x0000011b51e30000]
CodeHeap 'profiled nmethods': size=120000Kb used=26995Kb max_used=26995Kb free=93004Kb
 bounds [0x0000011b433d0000, 0x0000011b44e30000, 0x0000011b4a900000]
CodeHeap 'non-nmethods': size=5760Kb used=2425Kb max_used=2568Kb free=3334Kb
 bounds [0x0000011b42e30000, 0x0000011b430c0000, 0x0000011b433d0000]
 total_blobs=14476 nmethods=13524 adapters=864
 compilation: enabled
              stopped_count=0, restarted_count=0
 full_count=0

Compilation events (20 events):
Event: 185.163 Thread 0x0000011b597885c0 16080       3       org.gradle.api.internal.artifacts.repositories.transport.RepositoryTransportFactory::createTransport (13 bytes)
Event: 185.163 Thread 0x0000011b597885c0 nmethod 16080 0x0000011b44e2ae90 code [0x0000011b44e2b060, 0x0000011b44e2b448]
Event: 185.166 Thread 0x0000011b597885c0 16081       3       org.gradle.internal.logging.events.ProgressEvent::getLogLevel (4 bytes)
Event: 185.167 Thread 0x0000011b597885c0 nmethod 16081 0x0000011b44e2b610 code [0x0000011b44e2b7a0, 0x0000011b44e2b8b8]
Event: 185.170 Thread 0x0000011b597885c0 16082       3       com.android.build.gradle.internal.services.TaskCreationServicesImpl::fileCollection (19 bytes)
Event: 185.171 Thread 0x0000011b597885c0 nmethod 16082 0x0000011b44e2b990 code [0x0000011b44e2bb40, 0x0000011b44e2bd98]
Event: 185.172 Thread 0x0000011b597885c0 16083       3       kotlin.collections.CharIterator::next (8 bytes)
Event: 185.173 Thread 0x0000011b597885c0 nmethod 16083 0x0000011b44e2be90 code [0x0000011b44e2c060, 0x0000011b44e2c3a8]
Event: 185.173 Thread 0x0000011b597885c0 16084       3       kotlin.ranges.CharProgressionIterator::nextChar (52 bytes)
Event: 185.173 Thread 0x0000011b597885c0 nmethod 16084 0x0000011b44e2c510 code [0x0000011b44e2c6c0, 0x0000011b44e2c948]
Event: 185.174 Thread 0x0000011b597885c0 16086       3       java.util.concurrent.locks.ReentrantReadWriteLock$ReadLock::lock (9 bytes)
Event: 185.174 Thread 0x0000011b597885c0 nmethod 16086 0x0000011b44e2ca90 code [0x0000011b44e2cc40, 0x0000011b44e2cd88]
Event: 185.174 Thread 0x0000011b597885c0 16087       1       org.jetbrains.kotlin.gradle.tasks.KotlinCompile_Decorated::getModelIdentityDisplayName (5 bytes)
Event: 185.174 Thread 0x0000011b597885c0 nmethod 16087 0x0000011b4b0c4410 code [0x0000011b4b0c45a0, 0x0000011b4b0c4678]
Event: 185.175 Thread 0x0000011b597885c0 16088       3       org.gradle.api.internal.model.DefaultObjectFactory::mapProperty (58 bytes)
Event: 185.176 Thread 0x0000011b597885c0 nmethod 16088 0x0000011b44e2ce90 code [0x0000011b44e2d0c0, 0x0000011b44e2d768]
Event: 185.176 Thread 0x0000011b597885c0 16089       3       org.gradle.execution.plan.edges.DependencyNodesSet$1::addDependency (12 bytes)
Event: 185.177 Thread 0x0000011b597885c0 nmethod 16089 0x0000011b44e2d990 code [0x0000011b44e2dba0, 0x0000011b44e2e348]
Event: 185.177 Thread 0x0000011b597885c0 16090       3       org.gradle.execution.plan.edges.DependencySuccessorsOnlyNodeSet::<init> (12 bytes)
Event: 185.178 Thread 0x0000011b597885c0 nmethod 16090 0x0000011b44e2e610 code [0x0000011b44e2e800, 0x0000011b44e2eeb8]

GC Heap History (20 events):
Event: 181.538 GC heap after
{Heap after GC invocations=58 (full 0):
 garbage-first heap   total 232448K, used 190946K [0x0000000080000000, 0x0000000100000000)
  region size 1024K, 2 young (2048K), 2 survivors (2048K)
 Metaspace       used 102364K, committed 105152K, reserved 552960K
  class space    used 14335K, committed 15680K, reserved 421888K
}
Event: 182.365 GC heap before
{Heap before GC invocations=58 (full 0):
 garbage-first heap   total 232448K, used 204258K [0x0000000080000000, 0x0000000100000000)
  region size 1024K, 15 young (15360K), 2 survivors (2048K)
 Metaspace       used 102554K, committed 105280K, reserved 552960K
  class space    used 14359K, committed 15680K, reserved 421888K
}
Event: 182.374 GC heap after
{Heap after GC invocations=59 (full 0):
 garbage-first heap   total 232448K, used 193105K [0x0000000080000000, 0x0000000100000000)
  region size 1024K, 2 young (2048K), 2 survivors (2048K)
 Metaspace       used 102554K, committed 105280K, reserved 552960K
  class space    used 14359K, committed 15680K, reserved 421888K
}
Event: 182.701 GC heap before
{Heap before GC invocations=59 (full 0):
 garbage-first heap   total 232448K, used 204369K [0x0000000080000000, 0x0000000100000000)
  region size 1024K, 13 young (13312K), 2 survivors (2048K)
 Metaspace       used 103145K, committed 105856K, reserved 552960K
  class space    used 14435K, committed 15744K, reserved 421888K
}
Event: 182.706 GC heap after
{Heap after GC invocations=60 (full 0):
 garbage-first heap   total 232448K, used 193889K [0x0000000080000000, 0x0000000100000000)
  region size 1024K, 1 young (1024K), 1 survivors (1024K)
 Metaspace       used 103145K, committed 105856K, reserved 552960K
  class space    used 14435K, committed 15744K, reserved 421888K
}
Event: 182.926 GC heap before
{Heap before GC invocations=60 (full 0):
 garbage-first heap   total 232448K, used 203105K [0x0000000080000000, 0x0000000100000000)
  region size 1024K, 11 young (11264K), 1 survivors (1024K)
 Metaspace       used 103699K, committed 106432K, reserved 552960K
  class space    used 14503K, committed 15808K, reserved 421888K
}
Event: 182.930 GC heap after
{Heap after GC invocations=61 (full 0):
 garbage-first heap   total 232448K, used 194451K [0x0000000080000000, 0x0000000100000000)
  region size 1024K, 2 young (2048K), 2 survivors (2048K)
 Metaspace       used 103699K, committed 106432K, reserved 552960K
  class space    used 14503K, committed 15808K, reserved 421888K
}
Event: 183.280 GC heap before
{Heap before GC invocations=61 (full 0):
 garbage-first heap   total 232448K, used 204691K [0x0000000080000000, 0x0000000100000000)
  region size 1024K, 12 young (12288K), 2 survivors (2048K)
 Metaspace       used 103902K, committed 106688K, reserved 552960K
  class space    used 14518K, committed 15872K, reserved 421888K
}
Event: 183.292 GC heap after
{Heap after GC invocations=62 (full 0):
 garbage-first heap   total 232448K, used 197787K [0x0000000080000000, 0x0000000100000000)
  region size 1024K, 2 young (2048K), 2 survivors (2048K)
 Metaspace       used 103902K, committed 106688K, reserved 552960K
  class space    used 14518K, committed 15872K, reserved 421888K
}
Event: 183.568 GC heap before
{Heap before GC invocations=62 (full 0):
 garbage-first heap   total 232448K, used 207003K [0x0000000080000000, 0x0000000100000000)
  region size 1024K, 11 young (11264K), 2 survivors (2048K)
 Metaspace       used 104171K, committed 106880K, reserved 552960K
  class space    used 14557K, committed 15872K, reserved 421888K
}
Event: 183.576 GC heap after
{Heap after GC invocations=63 (full 0):
 garbage-first heap   total 232448K, used 199321K [0x0000000080000000, 0x0000000100000000)
  region size 1024K, 2 young (2048K), 2 survivors (2048K)
 Metaspace       used 104171K, committed 106880K, reserved 552960K
  class space    used 14557K, committed 15872K, reserved 421888K
}
Event: 183.845 GC heap before
{Heap before GC invocations=63 (full 0):
 garbage-first heap   total 232448K, used 208537K [0x0000000080000000, 0x0000000100000000)
  region size 1024K, 11 young (11264K), 2 survivors (2048K)
 Metaspace       used 104439K, committed 107200K, reserved 552960K
  class space    used 14593K, committed 15936K, reserved 421888K
}
Event: 183.851 GC heap after
{Heap after GC invocations=64 (full 0):
 garbage-first heap   total 232448K, used 200264K [0x0000000080000000, 0x0000000100000000)
  region size 1024K, 1 young (1024K), 1 survivors (1024K)
 Metaspace       used 104439K, committed 107200K, reserved 552960K
  class space    used 14593K, committed 15936K, reserved 421888K
}
Event: 184.174 GC heap before
{Heap before GC invocations=64 (full 0):
 garbage-first heap   total 232448K, used 209480K [0x0000000080000000, 0x0000000100000000)
  region size 1024K, 11 young (11264K), 1 survivors (1024K)
 Metaspace       used 104621K, committed 107328K, reserved 552960K
  class space    used 14612K, committed 15936K, reserved 421888K
}
Event: 184.180 GC heap after
{Heap after GC invocations=65 (full 0):
 garbage-first heap   total 232448K, used 202006K [0x0000000080000000, 0x0000000100000000)
  region size 1024K, 2 young (2048K), 2 survivors (2048K)
 Metaspace       used 104621K, committed 107328K, reserved 552960K
  class space    used 14612K, committed 15936K, reserved 421888K
}
Event: 184.421 GC heap before
{Heap before GC invocations=65 (full 0):
 garbage-first heap   total 232448K, used 211222K [0x0000000080000000, 0x0000000100000000)
  region size 1024K, 11 young (11264K), 2 survivors (2048K)
 Metaspace       used 104757K, committed 107456K, reserved 552960K
  class space    used 14624K, committed 15936K, reserved 421888K
}
Event: 184.429 GC heap after
{Heap after GC invocations=66 (full 0):
 garbage-first heap   total 232448K, used 203146K [0x0000000080000000, 0x0000000100000000)
  region size 1024K, 2 young (2048K), 2 survivors (2048K)
 Metaspace       used 104757K, committed 107456K, reserved 552960K
  class space    used 14624K, committed 15936K, reserved 421888K
}
Event: 184.747 GC heap before
{Heap before GC invocations=66 (full 0):
 garbage-first heap   total 232448K, used 212362K [0x0000000080000000, 0x0000000100000000)
  region size 1024K, 11 young (11264K), 2 survivors (2048K)
 Metaspace       used 104833K, committed 107520K, reserved 552960K
  class space    used 14625K, committed 15936K, reserved 421888K
}
Event: 184.754 GC heap after
{Heap after GC invocations=67 (full 0):
 garbage-first heap   total 232448K, used 203824K [0x0000000080000000, 0x0000000100000000)
  region size 1024K, 2 young (2048K), 2 survivors (2048K)
 Metaspace       used 104833K, committed 107520K, reserved 552960K
  class space    used 14625K, committed 15936K, reserved 421888K
}
Event: 185.181 GC heap before
{Heap before GC invocations=67 (full 0):
 garbage-first heap   total 232448K, used 213040K [0x0000000080000000, 0x0000000100000000)
  region size 1024K, 11 young (11264K), 2 survivors (2048K)
 Metaspace       used 104895K, committed 107584K, reserved 552960K
  class space    used 14625K, committed 15936K, reserved 421888K
}

Deoptimization events (20 events):
Event: 184.845 Thread 0x0000011b5d9ac4d0 Uncommon trap: trap_request=0xffffffc6 fr.pc=0x0000011b4b097b1c relative=0x000000000000629c
Event: 184.846 Thread 0x0000011b5d9ac4d0 Uncommon trap: reason=bimorphic_or_optimized_type_check action=maybe_recompile pc=0x0000011b4b097b1c method=org.gradle.internal.component.model.DefaultAttributeMatcher$CachedQuery.from(Lorg/gradle/api/internal/attributes/ImmutableAttributes;Ljava/util/Lis
Event: 184.846 Thread 0x0000011b5d9ac4d0 DEOPT PACKING pc=0x0000011b4b097b1c sp=0x0000000560df9ef0
Event: 184.846 Thread 0x0000011b5d9ac4d0 DEOPT UNPACKING pc=0x0000011b42e823a3 sp=0x0000000560df9ef8 mode 2
Event: 184.912 Thread 0x0000011b5d9ac4d0 Uncommon trap: trap_request=0xffffffde fr.pc=0x0000011b4b07b948 relative=0x0000000000000b08
Event: 184.912 Thread 0x0000011b5d9ac4d0 Uncommon trap: reason=class_check action=maybe_recompile pc=0x0000011b4b07b948 method=java.util.HashMap.removeNode(ILjava/lang/Object;Ljava/lang/Object;ZZ)Ljava/util/HashMap$Node; @ 143 c2
Event: 184.912 Thread 0x0000011b5d9ac4d0 DEOPT PACKING pc=0x0000011b4b07b948 sp=0x0000000560dfa740
Event: 184.913 Thread 0x0000011b5d9ac4d0 DEOPT UNPACKING pc=0x0000011b42e823a3 sp=0x0000000560dfa6d8 mode 2
Event: 184.913 Thread 0x0000011b5d9ac4d0 Uncommon trap: trap_request=0xffffffde fr.pc=0x0000011b4b07b948 relative=0x0000000000000b08
Event: 184.913 Thread 0x0000011b5d9ac4d0 Uncommon trap: reason=class_check action=maybe_recompile pc=0x0000011b4b07b948 method=java.util.HashMap.removeNode(ILjava/lang/Object;Ljava/lang/Object;ZZ)Ljava/util/HashMap$Node; @ 143 c2
Event: 184.913 Thread 0x0000011b5d9ac4d0 DEOPT PACKING pc=0x0000011b4b07b948 sp=0x0000000560dfa740
Event: 184.913 Thread 0x0000011b5d9ac4d0 DEOPT UNPACKING pc=0x0000011b42e823a3 sp=0x0000000560dfa6d8 mode 2
Event: 184.913 Thread 0x0000011b5d9ac4d0 Uncommon trap: trap_request=0xffffffde fr.pc=0x0000011b4b07b948 relative=0x0000000000000b08
Event: 184.913 Thread 0x0000011b5d9ac4d0 Uncommon trap: reason=class_check action=maybe_recompile pc=0x0000011b4b07b948 method=java.util.HashMap.removeNode(ILjava/lang/Object;Ljava/lang/Object;ZZ)Ljava/util/HashMap$Node; @ 143 c2
Event: 184.913 Thread 0x0000011b5d9ac4d0 DEOPT PACKING pc=0x0000011b4b07b948 sp=0x0000000560dfa740
Event: 184.913 Thread 0x0000011b5d9ac4d0 DEOPT UNPACKING pc=0x0000011b42e823a3 sp=0x0000000560dfa6d8 mode 2
Event: 185.058 Thread 0x0000011b5d9ac4d0 Uncommon trap: trap_request=0xffffff45 fr.pc=0x0000011b4aff2924 relative=0x00000000000000a4
Event: 185.058 Thread 0x0000011b5d9ac4d0 Uncommon trap: reason=unstable_if action=reinterpret pc=0x0000011b4aff2924 method=com.esotericsoftware.kryo.io.Output.writeBoolean(Z)V @ 8 c2
Event: 185.058 Thread 0x0000011b5d9ac4d0 DEOPT PACKING pc=0x0000011b4aff2924 sp=0x0000000560df8700
Event: 185.058 Thread 0x0000011b5d9ac4d0 DEOPT UNPACKING pc=0x0000011b42e823a3 sp=0x0000000560df8688 mode 2

Classes loaded (20 events):
Event: 180.755 Loading class org/xml/sax/helpers/AttributesImpl
Event: 180.755 Loading class org/xml/sax/helpers/AttributesImpl done
Event: 180.758 Loading class java/util/regex/Pattern$Behind
Event: 180.759 Loading class java/util/regex/Pattern$Behind done
Event: 180.759 Loading class java/util/regex/Pattern$Neg
Event: 180.759 Loading class java/util/regex/Pattern$Neg done
Event: 180.786 Loading class javax/xml/datatype/DatatypeConfigurationException
Event: 180.787 Loading class javax/xml/datatype/DatatypeConfigurationException done
Event: 180.793 Loading class com/sun/org/apache/xerces/internal/impl/io/MalformedByteSequenceException
Event: 180.793 Loading class java/io/CharConversionException
Event: 180.794 Loading class java/io/CharConversionException done
Event: 180.794 Loading class com/sun/org/apache/xerces/internal/impl/io/MalformedByteSequenceException done
Event: 180.815 Loading class java/util/EnumMap$EntrySet
Event: 180.815 Loading class java/util/EnumMap$EntrySet done
Event: 180.815 Loading class java/util/EnumMap$EntryIterator
Event: 180.816 Loading class java/util/EnumMap$EnumMapIterator
Event: 180.816 Loading class java/util/EnumMap$EnumMapIterator done
Event: 180.816 Loading class java/util/EnumMap$EntryIterator done
Event: 180.816 Loading class java/util/EnumMap$EntryIterator$Entry
Event: 180.816 Loading class java/util/EnumMap$EntryIterator$Entry done

Classes unloaded (0 events):
No events

Classes redefined (0 events):
No events

Internal exceptions (20 events):
Event: 182.474 Thread 0x0000011b5d9ac4d0 Implicit null exception at 0x0000011b4b026d91 to 0x0000011b4b026f60
Event: 182.668 Thread 0x0000011b5d9ac4d0 Implicit null exception at 0x0000011b4b02bca4 to 0x0000011b4b02bf78
Event: 183.212 Thread 0x0000011b5d9ac4d0 Exception <a 'java/lang/NoSuchMethodError'{0x000000008daa4b20}: 'void java.lang.invoke.DirectMethodHandle$Holder.invokeInterface(java.lang.Object, java.lang.Object, java.lang.Object, java.lang.Object, java.lang.Object, java.lang.Object)'> (0x000000008daa4b20) 
thrown [t:\workspace\open\src\hotspot\share\interpreter\linkResolver.cpp, line 766]
Event: 183.213 Thread 0x0000011b5d9ac4d0 Exception <a 'java/lang/NoSuchMethodError'{0x000000008daa9d48}: 'void java.lang.invoke.DelegatingMethodHandle$Holder.reinvoke_L(java.lang.Object, java.lang.Object, java.lang.Object, java.lang.Object, java.lang.Object, java.lang.Object)'> (0x000000008daa9d48) 
thrown [t:\workspace\open\src\hotspot\share\interpreter\linkResolver.cpp, line 766]
Event: 183.588 Thread 0x0000011b5d9ac4d0 Exception <a 'java/lang/IncompatibleClassChangeError'{0x000000008e252d00}: Found class java.lang.Object, but interface was expected> (0x000000008e252d00) 
thrown [t:\workspace\open\src\hotspot\share\interpreter\linkResolver.cpp, line 833]
Event: 183.741 Thread 0x0000011b5d9ac4d0 Implicit null exception at 0x0000011b4b07e7e7 to 0x0000011b4b07e8af
Event: 183.946 Thread 0x0000011b5d9ac4d0 Exception <a 'java/lang/ClassNotFoundException'{0x000000008dff2620}: org/gradle/api/tasks/Exec_DecoratedBeanInfo> (0x000000008dff2620) 
thrown [t:\workspace\open\src\hotspot\share\classfile\systemDictionary.cpp, line 255]
Event: 183.946 Thread 0x0000011b5d9ac4d0 Exception <a 'java/lang/ClassNotFoundException'{0x000000008dffc828}: org/gradle/api/tasks/ExecBeanInfo> (0x000000008dffc828) 
thrown [t:\workspace\open\src\hotspot\share\classfile\systemDictionary.cpp, line 255]
Event: 183.947 Thread 0x0000011b5d9ac4d0 Exception <a 'java/lang/ClassNotFoundException'{0x000000008de070f0}: org/gradle/api/tasks/AbstractExecTaskBeanInfo> (0x000000008de070f0) 
thrown [t:\workspace\open\src\hotspot\share\classfile\systemDictionary.cpp, line 255]
Event: 183.948 Thread 0x0000011b5d9ac4d0 Exception <a 'java/lang/ClassNotFoundException'{0x000000008de11418}: org/gradle/api/internal/ConventionTaskBeanInfo> (0x000000008de11418) 
thrown [t:\workspace\open\src\hotspot\share\classfile\systemDictionary.cpp, line 255]
Event: 183.949 Thread 0x0000011b5d9ac4d0 Exception <a 'java/lang/ClassNotFoundException'{0x000000008de1b770}: org/gradle/api/internal/ConventionTaskCustomizer> (0x000000008de1b770) 
thrown [t:\workspace\open\src\hotspot\share\classfile\systemDictionary.cpp, line 255]
Event: 183.951 Thread 0x0000011b5d9ac4d0 Exception <a 'java/lang/ClassNotFoundException'{0x000000008de34f50}: org/gradle/api/tasks/AbstractExecTaskCustomizer> (0x000000008de34f50) 
thrown [t:\workspace\open\src\hotspot\share\classfile\systemDictionary.cpp, line 255]
Event: 183.956 Thread 0x0000011b5d9ac4d0 Exception <a 'java/lang/ClassNotFoundException'{0x000000008de76fe8}: org/gradle/api/tasks/ExecCustomizer> (0x000000008de76fe8) 
thrown [t:\workspace\open\src\hotspot\share\classfile\systemDictionary.cpp, line 255]
Event: 183.957 Thread 0x0000011b5d9ac4d0 Exception <a 'java/lang/ClassNotFoundException'{0x000000008de93d18}: org/gradle/api/tasks/Exec_DecoratedCustomizer> (0x000000008de93d18) 
thrown [t:\workspace\open\src\hotspot\share\classfile\systemDictionary.cpp, line 255]
Event: 183.975 Thread 0x0000011b5d9ac4d0 Exception <a 'java/lang/ClassNotFoundException'{0x000000008dd44fc0}: org/apache/tools/ant/taskdefs/condition/OsBeanInfo> (0x000000008dd44fc0) 
thrown [t:\workspace\open\src\hotspot\share\classfile\systemDictionary.cpp, line 255]
Event: 183.976 Thread 0x0000011b5d9ac4d0 Exception <a 'java/lang/ClassNotFoundException'{0x000000008dd4d990}: org/apache/tools/ant/taskdefs/condition/OsCustomizer> (0x000000008dd4d990) 
thrown [t:\workspace\open\src\hotspot\share\classfile\systemDictionary.cpp, line 255]
Event: 184.339 Thread 0x0000011b5d9ac4d0 Exception <a 'sun/nio/fs/WindowsException'{0x000000008ddd97e0}> (0x000000008ddd97e0) 
thrown [t:\workspace\open\src\hotspot\share\prims\jni.cpp, line 516]
Event: 184.339 Thread 0x0000011b5d9ac4d0 Exception <a 'sun/nio/fs/WindowsException'{0x000000008dddae20}> (0x000000008dddae20) 
thrown [t:\workspace\open\src\hotspot\share\prims\jni.cpp, line 516]
Event: 184.339 Thread 0x0000011b5d9ac4d0 Exception <a 'sun/nio/fs/WindowsException'{0x000000008dddc4b0}> (0x000000008dddc4b0) 
thrown [t:\workspace\open\src\hotspot\share\prims\jni.cpp, line 516]
Event: 184.340 Thread 0x0000011b5d9ac4d0 Exception <a 'sun/nio/fs/WindowsException'{0x000000008ddddb40}> (0x000000008ddddb40) 
thrown [t:\workspace\open\src\hotspot\share\prims\jni.cpp, line 516]

VM Operations (20 events):
Event: 181.538 Executing VM operation: G1CollectForAllocation done
Event: 182.365 Executing VM operation: G1CollectForAllocation
Event: 182.374 Executing VM operation: G1CollectForAllocation done
Event: 182.701 Executing VM operation: G1CollectForAllocation
Event: 182.707 Executing VM operation: G1CollectForAllocation done
Event: 182.926 Executing VM operation: G1CollectForAllocation
Event: 182.930 Executing VM operation: G1CollectForAllocation done
Event: 183.280 Executing VM operation: G1CollectForAllocation
Event: 183.292 Executing VM operation: G1CollectForAllocation done
Event: 183.568 Executing VM operation: G1CollectForAllocation
Event: 183.576 Executing VM operation: G1CollectForAllocation done
Event: 183.845 Executing VM operation: G1CollectForAllocation
Event: 183.851 Executing VM operation: G1CollectForAllocation done
Event: 184.173 Executing VM operation: G1CollectForAllocation
Event: 184.180 Executing VM operation: G1CollectForAllocation done
Event: 184.421 Executing VM operation: G1CollectForAllocation
Event: 184.429 Executing VM operation: G1CollectForAllocation done
Event: 184.746 Executing VM operation: G1CollectForAllocation
Event: 184.754 Executing VM operation: G1CollectForAllocation done
Event: 185.181 Executing VM operation: G1CollectForAllocation

Events (20 events):
Event: 179.676 Thread 0x0000011b59794ed0 flushing nmethod 0x0000011b44848110
Event: 179.676 Thread 0x0000011b59794ed0 flushing nmethod 0x0000011b44862c90
Event: 179.676 Thread 0x0000011b59794ed0 flushing nmethod 0x0000011b44863010
Event: 179.676 Thread 0x0000011b59794ed0 flushing nmethod 0x0000011b4486c610
Event: 179.676 Thread 0x0000011b59794ed0 flushing nmethod 0x0000011b44873190
Event: 179.677 Thread 0x0000011b59794ed0 flushing nmethod 0x0000011b449bc810
Event: 179.678 Thread 0x0000011b59794ed0 flushing nmethod 0x0000011b44a9e510
Event: 179.678 Thread 0x0000011b59794ed0 flushing nmethod 0x0000011b44aa2690
Event: 179.678 Thread 0x0000011b59794ed0 flushing nmethod 0x0000011b44aa2a10
Event: 179.678 Thread 0x0000011b59794ed0 flushing nmethod 0x0000011b44aa2d90
Event: 179.679 Thread 0x0000011b59794ed0 flushing nmethod 0x0000011b44b2db90
Event: 179.679 Thread 0x0000011b59794ed0 flushing nmethod 0x0000011b44b39710
Event: 179.679 Thread 0x0000011b59794ed0 flushing nmethod 0x0000011b44b5c790
Event: 179.680 Thread 0x0000011b59794ed0 flushing nmethod 0x0000011b44be6d90
Event: 179.680 Thread 0x0000011b59794ed0 flushing nmethod 0x0000011b44c71d90
Event: 179.681 Thread 0x0000011b59794ed0 flushing nmethod 0x0000011b44ce8290
Event: 179.681 Thread 0x0000011b59794ed0 flushing nmethod 0x0000011b44ceae10
Event: 179.681 Thread 0x0000011b59794ed0 flushing nmethod 0x0000011b44ceec10
Event: 179.681 Thread 0x0000011b59794ed0 flushing nmethod 0x0000011b44d24e90
Event: 180.400 Thread 0x0000011b5e3c4ed0 Thread added: 0x0000011b5e3c4ed0


Dynamic libraries:
0x00007ff7f7870000 - 0x00007ff7f7880000 	C:\Program Files\Java\jdk-18\bin\java.exe
0x00007fff9f5f0000 - 0x00007fff9f807000 	C:\WINDOWS\SYSTEM32\ntdll.dll
0x00007fff9eaf0000 - 0x00007fff9ebb4000 	C:\WINDOWS\System32\KERNEL32.DLL
0x00007fff9ce10000 - 0x00007fff9d1bc000 	C:\WINDOWS\System32\KERNELBASE.dll
0x00007fff9cc50000 - 0x00007fff9cd61000 	C:\WINDOWS\System32\ucrtbase.dll
0x00007fff8f4e0000 - 0x00007fff8f4fa000 	C:\Program Files\Java\jdk-18\bin\VCRUNTIME140.dll
0x00007fff89db0000 - 0x00007fff89dc8000 	C:\Program Files\Java\jdk-18\bin\jli.dll
0x00007fff9f420000 - 0x00007fff9f4d2000 	C:\WINDOWS\System32\ADVAPI32.dll
0x00007fff9e320000 - 0x00007fff9e3c7000 	C:\WINDOWS\System32\msvcrt.dll
0x00007fff9d5d0000 - 0x00007fff9d67a000 	C:\WINDOWS\System32\sechost.dll
0x00007fff9cba0000 - 0x00007fff9cbc8000 	C:\WINDOWS\System32\bcrypt.dll
0x00007fff9e7f0000 - 0x00007fff9e905000 	C:\WINDOWS\System32\RPCRT4.dll
0x00007fff9e910000 - 0x00007fff9eabe000 	C:\WINDOWS\System32\USER32.dll
0x00007fff9cb70000 - 0x00007fff9cb96000 	C:\WINDOWS\System32\win32u.dll
0x00007fff7aaa0000 - 0x00007fff7ad33000 	C:\WINDOWS\WinSxS\amd64_microsoft.windows.common-controls_6595b64144ccf1df_6.0.22621.3672_none_2713b9d173822955\COMCTL32.dll
0x00007fff9eac0000 - 0x00007fff9eae9000 	C:\WINDOWS\System32\GDI32.dll
0x00007fff9c920000 - 0x00007fff9ca39000 	C:\WINDOWS\System32\gdi32full.dll
0x00007fff9cd70000 - 0x00007fff9ce0a000 	C:\WINDOWS\System32\msvcp_win.dll
0x00007fff8ec90000 - 0x00007fff8ec9a000 	C:\WINDOWS\SYSTEM32\VERSION.dll
0x00007fff9d8a0000 - 0x00007fff9d8d1000 	C:\WINDOWS\System32\IMM32.DLL
0x00007fff92ce0000 - 0x00007fff92cec000 	C:\Program Files\Java\jdk-18\bin\vcruntime140_1.dll
0x00007fff55b30000 - 0x00007fff55bbd000 	C:\Program Files\Java\jdk-18\bin\msvcp140.dll
0x00007ffeeb660000 - 0x00007ffeec271000 	C:\Program Files\Java\jdk-18\bin\server\jvm.dll
0x00007fff9e3e0000 - 0x00007fff9e3e8000 	C:\WINDOWS\System32\PSAPI.DLL
0x00007fff963b0000 - 0x00007fff963e4000 	C:\WINDOWS\SYSTEM32\WINMM.dll
0x00007fff85c50000 - 0x00007fff85c59000 	C:\WINDOWS\SYSTEM32\WSOCK32.dll
0x00007fff9d770000 - 0x00007fff9d7e1000 	C:\WINDOWS\System32\WS2_32.dll
0x00007fff9ba40000 - 0x00007fff9ba58000 	C:\WINDOWS\SYSTEM32\kernel.appcore.dll
0x00007fff89da0000 - 0x00007fff89daa000 	C:\Program Files\Java\jdk-18\bin\jimage.dll
0x00007fff998a0000 - 0x00007fff99ad2000 	C:\WINDOWS\SYSTEM32\DBGHELP.DLL
0x00007fff9df90000 - 0x00007fff9e318000 	C:\WINDOWS\System32\combase.dll
0x00007fff9d4f0000 - 0x00007fff9d5c7000 	C:\WINDOWS\System32\OLEAUT32.dll
0x00007fff92300000 - 0x00007fff92332000 	C:\WINDOWS\SYSTEM32\dbgcore.DLL
0x00007fff9cbd0000 - 0x00007fff9cc4b000 	C:\WINDOWS\System32\bcryptPrimitives.dll
0x00007fff723c0000 - 0x00007fff723ce000 	C:\Program Files\Java\jdk-18\bin\instrument.dll
0x00007fff89bf0000 - 0x00007fff89c15000 	C:\Program Files\Java\jdk-18\bin\java.dll
0x00007fff41850000 - 0x00007fff41926000 	C:\Program Files\Java\jdk-18\bin\jsvml.dll
0x00007fff9ebc0000 - 0x00007fff9f41c000 	C:\WINDOWS\System32\SHELL32.dll
0x00007fff9a880000 - 0x00007fff9b177000 	C:\WINDOWS\SYSTEM32\windows.storage.dll
0x00007fff9a740000 - 0x00007fff9a87f000 	C:\WINDOWS\SYSTEM32\wintypes.dll
0x00007fff9d900000 - 0x00007fff9d9f4000 	C:\WINDOWS\System32\SHCORE.dll
0x00007fff9e3f0000 - 0x00007fff9e44e000 	C:\WINDOWS\System32\shlwapi.dll
0x00007fff9c850000 - 0x00007fff9c871000 	C:\WINDOWS\SYSTEM32\profapi.dll
0x00007fff577d0000 - 0x00007fff577e8000 	C:\Program Files\Java\jdk-18\bin\zip.dll
0x00007fff5bce0000 - 0x00007fff5bcf3000 	C:\Program Files\Java\jdk-18\bin\net.dll
0x00007fff979a0000 - 0x00007fff97ad6000 	C:\WINDOWS\SYSTEM32\WINHTTP.dll
0x00007fff9beb0000 - 0x00007fff9bf19000 	C:\WINDOWS\system32\mswsock.dll
0x00007fff57ae0000 - 0x00007fff57af6000 	C:\Program Files\Java\jdk-18\bin\nio.dll
0x00007fff77210000 - 0x00007fff77220000 	C:\Program Files\Java\jdk-18\bin\verify.dll
0x00007fff7b730000 - 0x00007fff7b757000 	C:\Users\dhdnt\.gradle\native\68d5fa5c4cc2d200863cafc0d521ce42e7d3e7ee720ec0a83991735586a16f82\windows-amd64\native-platform.dll
0x00007fff18bd0000 - 0x00007fff18d14000 	C:\Users\dhdnt\.gradle\native\e376f236ea51e6404a007f0833ffe2c6e607c4080706a723a18a27aeea778392\windows-amd64\native-platform-file-events.dll
0x00007fff76c30000 - 0x00007fff76c39000 	C:\Program Files\Java\jdk-18\bin\management.dll
0x00007fff72a60000 - 0x00007fff72a6b000 	C:\Program Files\Java\jdk-18\bin\management_ext.dll
0x00007fff9c120000 - 0x00007fff9c13b000 	C:\WINDOWS\SYSTEM32\CRYPTSP.dll
0x00007fff9b9a0000 - 0x00007fff9b9d5000 	C:\WINDOWS\system32\rsaenh.dll
0x00007fff9bfb0000 - 0x00007fff9bfd8000 	C:\WINDOWS\SYSTEM32\USERENV.dll
0x00007fff9c110000 - 0x00007fff9c11c000 	C:\WINDOWS\SYSTEM32\CRYPTBASE.dll
0x00007fff9b490000 - 0x00007fff9b4bd000 	C:\WINDOWS\SYSTEM32\IPHLPAPI.DLL
0x00007fff9e3d0000 - 0x00007fff9e3d9000 	C:\WINDOWS\System32\NSI.dll
0x00007fff97d10000 - 0x00007fff97d29000 	C:\WINDOWS\SYSTEM32\dhcpcsvc6.DLL
0x00007fff97360000 - 0x00007fff9737f000 	C:\WINDOWS\SYSTEM32\dhcpcsvc.DLL
0x00007fff9b510000 - 0x00007fff9b608000 	C:\WINDOWS\SYSTEM32\DNSAPI.dll
0x00007fff795e0000 - 0x00007fff795f7000 	C:\WINDOWS\system32\napinsp.dll
0x00007fff795b0000 - 0x00007fff795cb000 	C:\WINDOWS\system32\pnrpnsp.dll
0x00007fff79500000 - 0x00007fff79511000 	C:\WINDOWS\System32\winrnr.dll
0x00007fff94710000 - 0x00007fff94725000 	C:\WINDOWS\system32\wshbth.dll
0x00007fff794d0000 - 0x00007fff794f7000 	C:\WINDOWS\system32\nlansp_c.dll
0x00007fff8ed40000 - 0x00007fff8ed4a000 	C:\Windows\System32\rasadhlp.dll
0x00007fff94730000 - 0x00007fff947b3000 	C:\WINDOWS\System32\fwpuclnt.dll

dbghelp: loaded successfully - version: 4.0.5 - missing functions: none
symbol engine: initialized successfully - sym options: 0x614 - pdb path: .;C:\Program Files\Java\jdk-18\bin;C:\WINDOWS\SYSTEM32;C:\WINDOWS\WinSxS\amd64_microsoft.windows.common-controls_6595b64144ccf1df_6.0.22621.3672_none_2713b9d173822955;C:\Program Files\Java\jdk-18\bin\server;C:\Users\dhdnt\.gradle\native\68d5fa5c4cc2d200863cafc0d521ce42e7d3e7ee720ec0a83991735586a16f82\windows-amd64;C:\Users\dhdnt\.gradle\native\e376f236ea51e6404a007f0833ffe2c6e607c4080706a723a18a27aeea778392\windows-amd64

VM Arguments:
jvm_args: -XX:MaxMetaspaceSize=512m --add-opens=java.base/java.util=ALL-UNNAMED --add-opens=java.base/java.lang=ALL-UNNAMED --add-opens=java.base/java.lang.invoke=ALL-UNNAMED --add-opens=java.prefs/java.util.prefs=ALL-UNNAMED --add-opens=java.base/java.nio.charset=ALL-UNNAMED --add-opens=java.base/java.net=ALL-UNNAMED --add-opens=java.base/java.util.concurrent.atomic=ALL-UNNAMED -Xmx2048m -Dfile.encoding=UTF-8 -Duser.country=KR -Duser.language=ko -Duser.variant -javaagent:C:\Users\dhdnt\.gradle\wrapper\dists\gradle-8.3-all\6en3ugtfdg5xnpx44z4qbwgas\gradle-8.3\lib\agents\gradle-instrumentation-agent-8.3.jar 
java_command: org.gradle.launcher.daemon.bootstrap.GradleDaemon 8.3
java_class_path (initial): C:\Users\dhdnt\.gradle\wrapper\dists\gradle-8.3-all\6en3ugtfdg5xnpx44z4qbwgas\gradle-8.3\lib\gradle-launcher-8.3.jar
Launcher Type: SUN_STANDARD

[Global flags]
     intx CICompilerCount                          = 4                                         {product} {ergonomic}
   size_t CompressedClassSpaceSize                 = 432013312                                 {product} {ergonomic}
     uint ConcGCThreads                            = 2                                         {product} {ergonomic}
     uint G1ConcRefinementThreads                  = 8                                         {product} {ergonomic}
   size_t G1HeapRegionSize                         = 1048576                                   {product} {ergonomic}
    uintx GCDrainStackTargetSize                   = 64                                        {product} {ergonomic}
   size_t InitialHeapSize                          = 132120576                                 {product} {ergonomic}
   size_t MarkStackSize                            = 4194304                                   {product} {ergonomic}
   size_t MaxHeapSize                              = 2147483648                                {product} {command line}
   size_t MaxMetaspaceSize                         = 536870912                                 {product} {command line}
   size_t MaxNewSize                               = 1287651328                                {product} {ergonomic}
   size_t MinHeapDeltaBytes                        = 1048576                                   {product} {ergonomic}
   size_t MinHeapSize                              = 8388608                                   {product} {ergonomic}
    uintx NonNMethodCodeHeapSize                   = 5839372                                {pd product} {ergonomic}
    uintx NonProfiledCodeHeapSize                  = 122909434                              {pd product} {ergonomic}
    uintx ProfiledCodeHeapSize                     = 122909434                              {pd product} {ergonomic}
    uintx ReservedCodeCacheSize                    = 251658240                              {pd product} {ergonomic}
     bool SegmentedCodeCache                       = true                                      {product} {ergonomic}
   size_t SoftMaxHeapSize                          = 2147483648                             {manageable} {ergonomic}
     bool UseCompressedClassPointers               = true                           {product lp64_product} {ergonomic}
     bool UseCompressedOops                        = true                           {product lp64_product} {ergonomic}
     bool UseG1GC                                  = true                                      {product} {ergonomic}
     bool UseLargePagesIndividualAllocation        = false                                  {pd product} {ergonomic}

Logging:
Log output configuration:
 #0: stdout all=warning uptime,level,tags foldmultilines=false
 #1: stderr all=off uptime,level,tags foldmultilines=false

Environment Variables:
JAVA_HOME=C:\Program Files\Java\jdk-18
CLASSPATH=C:\Users\dhdnt\Desktop\RBF\BangFer-Front-End-2\android\\gradle\wrapper\gradle-wrapper.jar
PATH=C:\Users\dhdnt\Desktop\RBF\BangFer-Front-End-2\node_modules\.bin;C:\Users\dhdnt\Desktop\RBF\BangFer-Front-End-2\node_modules\.bin;C:\Users\dhdnt\Desktop\RBF\node_modules\.bin;C:\Users\dhdnt\Desktop\node_modules\.bin;C:\Users\dhdnt\node_modules\.bin;C:\Users\node_modules\.bin;C:\node_modules\.bin;C:\node\node_modules\npm\node_modules\@npmcli\run-script\lib\node-gyp-bin;C:\Program Files\Common Files\Oracle\Java\javapath;C:\Program Files (x86)\NAT Service;C:\Program Files (x86)\Intel\Intel(R) Management Engine Components\iCLS\;C:\Program Files\Intel\Intel(R) Management Engine Components\iCLS\;C:\WINDOWS\system32;C:\WINDOWS;C:\WINDOWS\System32\Wbem;C:\WINDOWS\System32\WindowsPowerShell\v1.0\;C:\WINDOWS\System32\OpenSSH\;C:\Program Files\Intel\WiFi\bin\;C:\Program Files\Common Files\Intel\WirelessCommon\;C:\Program Files (x86)\Intel\Intel(R) Management Engine Components\DAL;C:\Program Files\Intel\Intel(R) Management Engine Components\DAL;C:\Users\dhdnt\.dnx\bin;C:\Program Files\Microsoft DNX\Dnvm\;C:\Program Files (x86)\Windows Kits\8.1\Windows Performance Toolkit\;C:\Program Files\Java\jdk-11.0.14\bin;C:\Program Files\Azure Data Studio\bin;C:\사용자\dhdnt\anaconda3;C:;사용자\dhdnt\anaconda3\condabin;C:;사용자\dhdnt\anaconda3\Library\bin;C:;사용자\dhdnt\anaconda3\Scripts;C:;Program Files\MySQL\MySQL Server 8.0\bin;C:\Program Files\Java\jdk-17;C:\node\;C:\Program Files\Git\cmd;C:\Program Files\PuTTY\;C:\Program Files\MySQL\MySQL Shell 8.0\bin\;C:\Users\dhdnt\AppData\Local\Android\Sdk\tools;C:\Users\dhdnt\Desktop\22학년도 2학기\컴퓨터네트워크\8 2019-q3-update\bin;C:\Users\dhdnt\AppData\Local\Programs\Python\Python37-32\Scripts\;C:\Users\dhdnt\AppData\Local\Programs\Python\Python37-32\;C:\Users\dhdnt\AppData\Local\Microsoft\WindowsApps;C:\Program Files\Bandizip\;C:\Program Files\JetBrains\IntelliJ IDEA 2023.3.6\bin;;C:\Program Files\MariaDB 10.6\bin;C:\Users\dhdnt\AppData\Local\GitHubDesktop\bin;C:\Program Files\Azure Data Studio\bin;C:\Users\dhdnt\AppData\Local\Programs\Microsoft VS Code\bin;C:\Users\dhdnt\AppData\Roaming\npm;C:\node;C:\Users\dhdnt\AppData\Local\Android\Sdk\platform-tools;
USERNAME=dhdnt
LANG=en_US.UTF-8
OS=Windows_NT
PROCESSOR_IDENTIFIER=Intel64 Family 6 Model 142 Stepping 11, GenuineIntel



---------------  S Y S T E M  ---------------

OS:
 Windows 11 , 64 bit Build 22621 (10.0.22621.3672)
OS uptime: 15 days 22:22 hours

CPU: total 8 (initial active 8) (4 cores per cpu, 2 threads per core) family 6 model 142 stepping 11 microcode 0xde, cx8, cmov, fxsr, ht, mmx, 3dnowpref, sse, sse2, sse3, ssse3, sse4.1, sse4.2, popcnt, lzcnt, tsc, tscinvbit, avx, avx2, aes, erms, clmul, bmi1, bmi2, adx, fma, vzeroupper, clflush, clflushopt

Memory: 4k page, system-wide physical 8051M (323M free)
TotalPageFile size 32627M (AvailPageFile size 9M)
current process WorkingSet (physical memory assigned to process): 433M, peak: 436M
current process commit charge ("private bytes"): 592M, peak: 641M

vm_info: Java HotSpot(TM) 64-Bit Server VM (18+36-2087) for windows-amd64 JRE (18+36-2087), built on Feb 15 2022 09:43:11 by "mach5one" with MS VC++ 16.8 / 16.9 (VS2019)

END.
